Archive member included to satisfy reference by file (symbol)

/Applications/ArmGNUToolchain/13.2.Rel1/arm-none-eabi/bin/../lib/gcc/arm-none-eabi/13.2.1/../../../../arm-none-eabi/lib/thumb/v7-m/nofp/libc_nano.a(libc_a-exit.o)
                              /Applications/ArmGNUToolchain/13.2.Rel1/arm-none-eabi/bin/../lib/gcc/arm-none-eabi/13.2.1/../../../../arm-none-eabi/lib/thumb/v7-m/nofp/crt0.o (exit)
/Applications/ArmGNUToolchain/13.2.Rel1/arm-none-eabi/bin/../lib/gcc/arm-none-eabi/13.2.1/../../../../arm-none-eabi/lib/thumb/v7-m/nofp/libc_nano.a(libc_a-rand.o)
                              build/debug/vram.o (rand)
/Applications/ArmGNUToolchain/13.2.Rel1/arm-none-eabi/bin/../lib/gcc/arm-none-eabi/13.2.1/../../../../arm-none-eabi/lib/thumb/v7-m/nofp/libc_nano.a(libc_a-findfp.o)
                              /Applications/ArmGNUToolchain/13.2.Rel1/arm-none-eabi/bin/../lib/gcc/arm-none-eabi/13.2.1/../../../../arm-none-eabi/lib/thumb/v7-m/nofp/libc_nano.a(libc_a-exit.o) (__stdio_exit_handler)
/Applications/ArmGNUToolchain/13.2.Rel1/arm-none-eabi/bin/../lib/gcc/arm-none-eabi/13.2.1/../../../../arm-none-eabi/lib/thumb/v7-m/nofp/libc_nano.a(libc_a-fwalk.o)
                              /Applications/ArmGNUToolchain/13.2.Rel1/arm-none-eabi/bin/../lib/gcc/arm-none-eabi/13.2.1/../../../../arm-none-eabi/lib/thumb/v7-m/nofp/libc_nano.a(libc_a-findfp.o) (_fwalk_sglue)
/Applications/ArmGNUToolchain/13.2.Rel1/arm-none-eabi/bin/../lib/gcc/arm-none-eabi/13.2.1/../../../../arm-none-eabi/lib/thumb/v7-m/nofp/libc_nano.a(libc_a-memset.o)
                              /Applications/ArmGNUToolchain/13.2.Rel1/arm-none-eabi/bin/../lib/gcc/arm-none-eabi/13.2.1/../../../../arm-none-eabi/lib/thumb/v7-m/nofp/crt0.o (memset)
/Applications/ArmGNUToolchain/13.2.Rel1/arm-none-eabi/bin/../lib/gcc/arm-none-eabi/13.2.1/../../../../arm-none-eabi/lib/thumb/v7-m/nofp/libc_nano.a(libc_a-impure.o)
                              /Applications/ArmGNUToolchain/13.2.Rel1/arm-none-eabi/bin/../lib/gcc/arm-none-eabi/13.2.1/../../../../arm-none-eabi/lib/thumb/v7-m/nofp/libc_nano.a(libc_a-rand.o) (_impure_ptr)
/Applications/ArmGNUToolchain/13.2.Rel1/arm-none-eabi/bin/../lib/gcc/arm-none-eabi/13.2.1/../../../../arm-none-eabi/lib/thumb/v7-m/nofp/libc_nano.a(libc_a-init.o)
                              /Applications/ArmGNUToolchain/13.2.Rel1/arm-none-eabi/bin/../lib/gcc/arm-none-eabi/13.2.1/../../../../arm-none-eabi/lib/thumb/v7-m/nofp/crt0.o (__libc_init_array)
/Applications/ArmGNUToolchain/13.2.Rel1/arm-none-eabi/bin/../lib/gcc/arm-none-eabi/13.2.1/../../../../arm-none-eabi/lib/thumb/v7-m/nofp/libc_nano.a(libc_a-lock.o)
                              /Applications/ArmGNUToolchain/13.2.Rel1/arm-none-eabi/bin/../lib/gcc/arm-none-eabi/13.2.1/../../../../arm-none-eabi/lib/thumb/v7-m/nofp/libc_nano.a(libc_a-findfp.o) (__retarget_lock_init_recursive)
/Applications/ArmGNUToolchain/13.2.Rel1/arm-none-eabi/bin/../lib/gcc/arm-none-eabi/13.2.1/../../../../arm-none-eabi/lib/thumb/v7-m/nofp/libc_nano.a(libc_a-memcpy-stub.o)
                              build/debug/queue.o (memcpy)
/Applications/ArmGNUToolchain/13.2.Rel1/arm-none-eabi/bin/../lib/gcc/arm-none-eabi/13.2.1/../../../../arm-none-eabi/lib/thumb/v7-m/nofp/libc_nano.a(libc_a-strlen.o)
                              build/debug/oled_font.o (strlen)
/Applications/ArmGNUToolchain/13.2.Rel1/arm-none-eabi/bin/../lib/gcc/arm-none-eabi/13.2.1/../../../../arm-none-eabi/lib/thumb/v7-m/nofp/libc_nano.a(libc_a-assert.o)
                              /Applications/ArmGNUToolchain/13.2.Rel1/arm-none-eabi/bin/../lib/gcc/arm-none-eabi/13.2.1/../../../../arm-none-eabi/lib/thumb/v7-m/nofp/libc_nano.a(libc_a-rand.o) (__assert_func)
/Applications/ArmGNUToolchain/13.2.Rel1/arm-none-eabi/bin/../lib/gcc/arm-none-eabi/13.2.1/../../../../arm-none-eabi/lib/thumb/v7-m/nofp/libc_nano.a(libc_a-malloc.o)
                              /Applications/ArmGNUToolchain/13.2.Rel1/arm-none-eabi/bin/../lib/gcc/arm-none-eabi/13.2.1/../../../../arm-none-eabi/lib/thumb/v7-m/nofp/libc_nano.a(libc_a-rand.o) (malloc)
/Applications/ArmGNUToolchain/13.2.Rel1/arm-none-eabi/bin/../lib/gcc/arm-none-eabi/13.2.1/../../../../arm-none-eabi/lib/thumb/v7-m/nofp/libc_nano.a(libc_a-mallocr.o)
                              /Applications/ArmGNUToolchain/13.2.Rel1/arm-none-eabi/bin/../lib/gcc/arm-none-eabi/13.2.1/../../../../arm-none-eabi/lib/thumb/v7-m/nofp/libc_nano.a(libc_a-findfp.o) (_malloc_r)
/Applications/ArmGNUToolchain/13.2.Rel1/arm-none-eabi/bin/../lib/gcc/arm-none-eabi/13.2.1/../../../../arm-none-eabi/lib/thumb/v7-m/nofp/libc_nano.a(libc_a-fflush.o)
                              /Applications/ArmGNUToolchain/13.2.Rel1/arm-none-eabi/bin/../lib/gcc/arm-none-eabi/13.2.1/../../../../arm-none-eabi/lib/thumb/v7-m/nofp/libc_nano.a(libc_a-findfp.o) (_fflush_r)
/Applications/ArmGNUToolchain/13.2.Rel1/arm-none-eabi/bin/../lib/gcc/arm-none-eabi/13.2.1/../../../../arm-none-eabi/lib/thumb/v7-m/nofp/libc_nano.a(libc_a-mlock.o)
[...]
Memory Configuration

Name             Origin             Length             Attributes
RAM              0x20000000         0x00005000         xrw
FLASH            0x08000000         0x00010000         xr
*default*        0x00000000         0xffffffff

Linker script and memory map

LOAD /Applications/ArmGNUToolchain/13.2.Rel1/arm-none-eabi/bin/../lib/gcc/arm-none-eabi/13.2.1/thumb/v7-m/nofp/crti.o
LOAD /Applications/ArmGNUToolchain/13.2.Rel1/arm-none-eabi/bin/../lib/gcc/arm-none-eabi/13.2.1/thumb/v7-m/nofp/crtbegin.o
LOAD /Applications/ArmGNUToolchain/13.2.Rel1/arm-none-eabi/bin/../lib/gcc/arm-none-eabi/13.2.1/../../../../arm-none-eabi/lib/thumb/v7-m/nofp/crt0.o
LOAD build/debug/camera.o
LOAD build/debug/cmsis_os.o
LOAD build/debug/croutine.o
LOAD build/debug/curve.o
LOAD build/debug/driver_oled.o
LOAD build/debug/event_groups.o
LOAD build/debug/freertos.o
LOAD build/debug/heap_4.o
LOAD build/debug/list.o
LOAD build/debug/main.o
LOAD build/debug/oled_font.o
LOAD build/debug/port.o
LOAD build/debug/queue.o
LOAD build/debug/selector.o
LOAD build/debug/stm32f1xx_hal.o
LOAD build/debug/stm32f1xx_hal_cortex.o
LOAD build/debug/stm32f1xx_hal_dma.o
LOAD build/debug/stm32f1xx_hal_exti.o
LOAD build/debug/stm32f1xx_hal_flash.o
LOAD build/debug/stm32f1xx_hal_flash_ex.o
LOAD build/debug/stm32f1xx_hal_gpio.o
LOAD build/debug/stm32f1xx_hal_gpio_ex.o
LOAD build/debug/stm32f1xx_hal_i2c.o
LOAD build/debug/stm32f1xx_hal_msp.o
LOAD build/debug/stm32f1xx_hal_pwr.o
LOAD build/debug/stm32f1xx_hal_rcc.o
LOAD build/debug/stm32f1xx_hal_rcc_ex.o
LOAD build/debug/stm32f1xx_hal_tim.o
LOAD build/debug/stm32f1xx_hal_tim_ex.o
LOAD build/debug/stm32f1xx_hal_timebase_tim.o
LOAD build/debug/stm32f1xx_hal_uart.o
LOAD build/debug/stm32f1xx_it.o
LOAD build/debug/stream_buffer.o
LOAD build/debug/system_stm32f1xx.o
LOAD build/debug/tasks.o
LOAD build/debug/timers.o
LOAD build/debug/ui.o
LOAD build/debug/vram.o
LOAD build/debug/startup_stm32f103xb.o
LOAD /Applications/ArmGNUToolchain/13.2.Rel1/arm-none-eabi/bin/../lib/gcc/arm-none-eabi/13.2.1/../../../../arm-none-eabi/lib/thumb/v7-m/nofp/libc_nano.a
LOAD /Applications/ArmGNUToolchain/13.2.Rel1/arm-none-eabi/bin/../lib/gcc/arm-none-eabi/13.2.1/../../../../arm-none-eabi/lib/thumb/v7-m/nofp/libm.a
LOAD /Applications/ArmGNUToolchain/13.2.Rel1/arm-none-eabi/bin/../lib/gcc/arm-none-eabi/13.2.1/../../../../arm-none-eabi/lib/thumb/v7-m/nofp/libnosys.a
START GROUP
LOAD /Applications/ArmGNUToolchain/13.2.Rel1/arm-none-eabi/bin/../lib/gcc/arm-none-eabi/13.2.1/thumb/v7-m/nofp/libgcc.a
LOAD /Applications/ArmGNUToolchain/13.2.Rel1/arm-none-eabi/bin/../lib/gcc/arm-none-eabi/13.2.1/../../../../arm-none-eabi/lib/thumb/v7-m/nofp/libc_nano.a
END GROUP
START GROUP
LOAD /Applications/ArmGNUToolchain/13.2.Rel1/arm-none-eabi/bin/../lib/gcc/arm-none-eabi/13.2.1/thumb/v7-m/nofp/libgcc.a
LOAD /Applications/ArmGNUToolchain/13.2.Rel1/arm-none-eabi/bin/../lib/gcc/arm-none-eabi/13.2.1/../../../../arm-none-eabi/lib/thumb/v7-m/nofp/libc_nano.a
END GROUP
LOAD /Applications/ArmGNUToolchain/13.2.Rel1/arm-none-eabi/bin/../lib/gcc/arm-none-eabi/13.2.1/thumb/v7-m/nofp/crtend.o
LOAD /Applications/ArmGNUToolchain/13.2.Rel1/arm-none-eabi/bin/../lib/gcc/arm-none-eabi/13.2.1/thumb/v7-m/nofp/crtn.o
                0x20005000                        _estack = (ORIGIN (RAM) + LENGTH (RAM))
                0x00000200                        _Min_Heap_Size = 0x200
                0x00000400                        _Min_Stack_Size = 0x400

.isr_vector     0x08000000      0x10c
                0x08000000                        . = ALIGN (0x4)
 *(.isr_vector)
 .isr_vector    0x08000000      0x10c build/debug/startup_stm32f103xb.o
                0x08000000                g_pfnVectors
                0x0800010c                        . = ALIGN (0x4)

.text           0x08000110     0x436c
                0x08000110                        . = ALIGN (0x4)
 *(.text)
 .text          0x08000110       0x10 /Applications/ArmGNUToolchain/13.2.Rel1/arm-none-eabi/bin/../lib/gcc/arm-none-eabi/13.2.1/../../../../arm-none-eabi/lib/thumb/v7-m/nofp/libc_nano.a(libc_a-strlen.o)
                0x08000110                strlen
 .text          0x08000120      0x21c /Applications/ArmGNUToolchain/13.2.Rel1/arm-none-eabi/bin/../lib/gcc/arm-none-eabi/13.2.1/thumb/v7-m/nofp/libgcc.a(_arm_addsubsf3.o)
                0x08000120                __aeabi_frsub
                0x08000128                __aeabi_fsub
                0x08000128                __subsf3
                0x0800012c                __aeabi_fadd
                0x0800012c                __addsf3
                0x0800028c                __aeabi_ui2f
                0x0800028c                __floatunsisf
                0x08000294                __floatsisf
                0x08000294                __aeabi_i2f
                0x080002b0                __aeabi_ul2f
                0x080002b0                __floatundisf
                0x080002c0                __aeabi_l2f
                0x080002c0                __floatdisf
 .text          0x0800033c      0x2a0 /Applications/ArmGNUToolchain/13.2.Rel1/arm-none-eabi/bin/../lib/gcc/arm-none-eabi/13.2.1/thumb/v7-m/nofp/libgcc.a(_arm_muldivsf3.o)
                0x0800033c                __mulsf3
                0x0800033c                __aeabi_fmul
                0x080004a4                __divsf3
                0x080004a4                __aeabi_fdiv
 .text          0x080005dc       0xec /Applications/ArmGNUToolchain/13.2.Rel1/arm-none-eabi/bin/../lib/gcc/arm-none-eabi/13.2.1/thumb/v7-m/nofp/libgcc.a(_arm_cmpsf2.o)
                0x080005dc                __gesf2
                0x080005dc                __gtsf2
                0x080005e4                __ltsf2
                0x080005e4                __lesf2
                0x080005ec                __nesf2
                0x080005ec                __eqsf2
                0x080005ec                __cmpsf2
                0x0800064c                __aeabi_cfrcmple
                0x08000654                __aeabi_cfcmpeq
                0x08000654                __aeabi_cfcmple
                0x08000664                __aeabi_fcmpeq
                0x08000678                __aeabi_fcmplt
                0x0800068c                __aeabi_fcmple
                0x080006a0                __aeabi_fcmpge
                0x080006b4                __aeabi_fcmpgt
 .text          0x080006c8       0x2c /Applications/ArmGNUToolchain/13.2.Rel1/arm-none-eabi/bin/../lib/gcc/arm-none-eabi/13.2.1/thumb/v7-m/nofp/libgcc.a(_arm_unordsf2.o)
                0x080006c8                __aeabi_fcmpun
                0x080006c8                __unordsf2
 .text          0x080006f4       0x40 /Applications/ArmGNUToolchain/13.2.Rel1/arm-none-eabi/bin/../lib/gcc/arm-none-eabi/13.2.1/thumb/v7-m/nofp/libgcc.a(_arm_fixunssfsi.o)
                0x080006f4                __aeabi_f2uiz
                0x080006f4                __fixunssfsi
 *(.text*)
 .text.deregister_tm_clones
                0x08000734       0x1c /Applications/ArmGNUToolchain/13.2.Rel1/arm-none-eabi/bin/../lib/gcc/arm-none-eabi/13.2.1/thumb/v7-m/nofp/crtbegin.o
 .text.register_tm_clones
                0x08000750       0x24 /Applications/ArmGNUToolchain/13.2.Rel1/arm-none-eabi/bin/../lib/gcc/arm-none-eabi/13.2.1/thumb/v7-m/nofp/crtbegin.o
 .text.__do_global_dtors_aux
                0x08000774       0x28 /Applications/ArmGNUToolchain/13.2.Rel1/arm-none-eabi/bin/../lib/gcc/arm-none-eabi/13.2.1/thumb/v7-m/nofp/crtbegin.o
 .text.frame_dummy
                0x0800079c       0x24 /Applications/ArmGNUToolchain/13.2.Rel1/arm-none-eabi/bin/../lib/gcc/arm-none-eabi/13.2.1/thumb/v7-m/nofp/crtbegin.o
 .text.osKernelStart
                0x080007c0        0xa build/debug/cmsis_os.o
                0x080007c0                osKernelStart
 .text.osDelay  0x080007ca        0xe build/debug/cmsis_os.o
                0x080007ca                osDelay
 .text.cubicEaseOut
                0x080007d8       0x24 build/debug/curve.o
 .text.update_location_linear
                0x080007fc       0x96 build/debug/curve.o
                0x080007fc                update_location_linear
 .text.update_location_non_linear
                0x08000892       0x86 build/debug/curve.o
                0x08000892                update_location_non_linear
 .text.linear_animation
                0x08000918       0x2c build/debug/curve.o
                0x08000918                linear_animation
 .text.nonLinear_animation
                0x08000944       0x2c build/debug/curve.o
                0x08000944                nonLinear_animation
 .text.animation_entry
                0x08000970       0x2e build/debug/curve.o
                0x08000970                animation_entry
 *fill*         0x0800099e        0x2 
 .text.OLED_WriteNBytes
                0x080009a0       0x24 build/debug/driver_oled.o
 .text.OLED_WriteCmd
                0x080009c4       0x2c build/debug/driver_oled.o
 .text.OLED_SetMemAddrMode
                0x080009f0       0x20 build/debug/driver_oled.o
 .text.OLED_SetMuxRatio
                0x08000a10       0x1e build/debug/driver_oled.o
 .text.OLED_SetDispOffset
                0x08000a2e       0x18 build/debug/driver_oled.o
 .text.OLED_SetDispStartLine
                0x08000a46       0x12 build/debug/driver_oled.o
 .text.OLED_SetContrastValue
                0x08000a58       0x12 build/debug/driver_oled.o
 .text.OLED_SetDCLK_Freq
                0x08000a6a       0x26 build/debug/driver_oled.o
 .text.OLED_SetChargePump
                0x08000a90       0x20 build/debug/driver_oled.o
 .text.OLED_SetComConfig
                0x08000ab0       0x30 build/debug/driver_oled.o
 .text.OLED_SetPageAddr_PAGE
                0x08000ae0       0x20 build/debug/driver_oled.o
 .text.OLED_SetColAddr_PAGE
                0x08000b00       0x2c build/debug/driver_oled.o
 .text.MY_OLED_WriteNBytes
                0x08000b2c       0x24 build/debug/driver_oled.o
                0x08000b2c                MY_OLED_WriteNBytes
 .text.OLED_Init
                0x08000b50       0x5e build/debug/driver_oled.o
                0x08000b50                OLED_Init
 .text.OLED_SetPosition
                0x08000bae       0x10 build/debug/driver_oled.o
                0x08000bae                OLED_SetPosition
 .text.OLED_Clear
                0x08000bbe       0x2e build/debug/driver_oled.o
                0x08000bbe                OLED_Clear
 .text.vApplicationGetIdleTaskMemory
                0x08000bec       0x18 build/debug/freertos.o
                0x08000bec                vApplicationGetIdleTaskMemory
 .text.prvHeapInit
                0x08000c04       0x64 build/debug/heap_4.o
 .text.prvInsertBlockIntoFreeList
                0x08000c68       0x60 build/debug/heap_4.o
 .text.pvPortMalloc
                0x08000cc8      0x104 build/debug/heap_4.o
                0x08000cc8                pvPortMalloc
 .text.vPortFree
                0x08000dcc       0x7c build/debug/heap_4.o
                0x08000dcc                vPortFree
 .text.vListInitialise
                0x08000e48       0x16 build/debug/list.o
                0x08000e48                vListInitialise
 .text.vListInitialiseItem
                0x08000e5e        0x6 build/debug/list.o
                0x08000e5e                vListInitialiseItem
 .text.vListInsertEnd
                0x08000e64       0x16 build/debug/list.o
                0x08000e64                vListInsertEnd
 .text.vListInsert
                0x08000e7a       0x32 build/debug/list.o
                0x08000e7a                vListInsert
 .text.uxListRemove
                0x08000eac       0x26 build/debug/list.o
                0x08000eac                uxListRemove
 *fill*         0x08000ed2        0x2 
 .text.MX_GPIO_Init
                0x08000ed4       0x44 build/debug/main.o
 .text.StartDefaultTask
                0x08000f18        0x8 build/debug/main.o
                0x08000f18                StartDefaultTask
 .text.HAL_TIM_PeriodElapsedCallback
                0x08000f20       0x18 build/debug/main.o
                0x08000f20                HAL_TIM_PeriodElapsedCallback
 .text.Error_Handler
                0x08000f38        0x4 build/debug/main.o
                0x08000f38                Error_Handler
 .text.MX_I2C1_Init
                0x08000f3c       0x38 build/debug/main.o
 .text.MX_USART1_UART_Init
                0x08000f74       0x34 build/debug/main.o
 .text.SystemClock_Config
                0x08000fa8       0x64 build/debug/main.o
                0x08000fa8                SystemClock_Config
 .text.main     0x0800100c       0x3c build/debug/main.o
                0x0800100c                main
 .text.get_char_vram_length
                0x08001048       0x34 build/debug/oled_font.o
                0x08001048                get_char_vram_length
 .text.set_oled_font_vram
                0x0800107c       0x60 build/debug/oled_font.o
                0x0800107c                set_oled_font_vram
 .text.prvTaskExitError
                0x080010dc       0x40 build/debug/port.o
 .text.prvPortStartFirstTask
                0x0800111c       0x20 build/debug/port.o
 .text.pxPortInitialiseStack
                0x0800113c       0x24 build/debug/port.o
                0x0800113c                pxPortInitialiseStack
 .text.SVC_Handler
                0x08001160       0x24 build/debug/port.o
                0x08001160                SVC_Handler
 .text.vPortEnterCritical
                0x08001184       0x44 build/debug/port.o
                0x08001184                vPortEnterCritical
 .text.vPortExitCritical
                0x080011c8       0x2c build/debug/port.o
                0x080011c8                vPortExitCritical
 *fill*         0x080011f4        0xc 
 .text.PendSV_Handler
                0x08001200       0x44 build/debug/port.o
                0x08001200                PendSV_Handler
 .text.SysTick_Handler
                0x08001244       0x2c build/debug/port.o
                0x08001244                SysTick_Handler
 .text.vPortSetupTimerInterrupt
                0x08001270       0x28 build/debug/port.o
                0x08001270                vPortSetupTimerInterrupt
 .text.xPortStartScheduler
                0x08001298       0xc0 build/debug/port.o
                0x08001298                xPortStartScheduler
 .text.selector_init_animation
                0x08001358       0x44 build/debug/selector.o
                0x08001358                selector_init_animation
 .text.selector_animation
                0x0800139c       0x4c build/debug/selector.o
                0x0800139c                selector_animation
 .text.set_selector_location
                0x080013e8       0x68 build/debug/selector.o
                0x080013e8                set_selector_location
 .text.update_selector_state
                0x08001450       0x44 build/debug/selector.o
                0x08001450                update_selector_state
 .text.selector_state
                0x08001494       0x64 build/debug/selector.o
                0x08001494                selector_state
 .text.selector_init
                0x080014f8       0x4c build/debug/selector.o
                0x080014f8                selector_init
 .text.HAL_Init
                0x08001544       0x24 build/debug/stm32f1xx_hal.o
                0x08001544                HAL_Init
 .text.HAL_IncTick
                0x08001568       0x18 build/debug/stm32f1xx_hal.o
                0x08001568                HAL_IncTick
 .text.HAL_GetTick
                0x08001580        0xc build/debug/stm32f1xx_hal.o
                0x08001580                HAL_GetTick
 .text.__NVIC_SetPriority
                0x0800158c       0x28 build/debug/stm32f1xx_hal_cortex.o
 .text.NVIC_EncodePriority
                0x080015b4       0x3e build/debug/stm32f1xx_hal_cortex.o
 *fill*         0x080015f2        0x2 
 .text.HAL_NVIC_SetPriorityGrouping
                0x080015f4       0x24 build/debug/stm32f1xx_hal_cortex.o
                0x080015f4                HAL_NVIC_SetPriorityGrouping
 .text.HAL_NVIC_SetPriority
                0x08001618       0x20 build/debug/stm32f1xx_hal_cortex.o
                0x08001618                HAL_NVIC_SetPriority
 .text.HAL_NVIC_EnableIRQ
                0x08001638       0x1c build/debug/stm32f1xx_hal_cortex.o
                0x08001638                HAL_NVIC_EnableIRQ
 .text.HAL_GPIO_Init
                0x08001654      0x21c build/debug/stm32f1xx_hal_gpio.o
                0x08001654                HAL_GPIO_Init
 .text.I2C_IsAcknowledgeFailed
                0x08001870       0x32 build/debug/stm32f1xx_hal_i2c.o
 .text.I2C_WaitOnFlagUntilTimeout
                0x080018a2       0xaa build/debug/stm32f1xx_hal_i2c.o
 .text.I2C_WaitOnMasterAddressFlagUntilTimeout
                0x0800194c       0xd6 build/debug/stm32f1xx_hal_i2c.o
 *fill*         0x08001a22        0x2 
 .text.I2C_MasterRequestWrite
                0x08001a24       0xb4 build/debug/stm32f1xx_hal_i2c.o
 .text.I2C_WaitOnTXEFlagUntilTimeout
                0x08001ad8       0x5e build/debug/stm32f1xx_hal_i2c.o
 *fill*         0x08001b36        0x2 
 .text.I2C_RequestMemoryWrite
                0x08001b38       0xd8 build/debug/stm32f1xx_hal_i2c.o
 .text.I2C_WaitOnBTFFlagUntilTimeout
                0x08001c10       0x5e build/debug/stm32f1xx_hal_i2c.o
 *fill*         0x08001c6e        0x2 
 .text.HAL_I2C_Init
                0x08001c70      0x1bc build/debug/stm32f1xx_hal_i2c.o
                0x08001c70                HAL_I2C_Init
 .text.HAL_I2C_Master_Transmit
                0x08001e2c      0x178 build/debug/stm32f1xx_hal_i2c.o
                0x08001e2c                HAL_I2C_Master_Transmit
 .text.HAL_I2C_Mem_Write
                0x08001fa4      0x164 build/debug/stm32f1xx_hal_i2c.o
                0x08001fa4                HAL_I2C_Mem_Write
 .text.HAL_MspInit
                0x08002108       0x54 build/debug/stm32f1xx_hal_msp.o
                0x08002108                HAL_MspInit
 .text.HAL_I2C_MspInit
                0x0800215c       0x64 build/debug/stm32f1xx_hal_msp.o
                0x0800215c                HAL_I2C_MspInit
 .text.HAL_UART_MspInit
                0x080021c0       0x78 build/debug/stm32f1xx_hal_msp.o
                0x080021c0                HAL_UART_MspInit
 .text.RCC_Delay
                0x08002238       0x2c build/debug/stm32f1xx_hal_rcc.o
 .text.HAL_RCC_OscConfig
                0x08002264      0x410 build/debug/stm32f1xx_hal_rcc.o
                0x08002264                HAL_RCC_OscConfig
 .text.HAL_RCC_GetSysClockFreq
                0x08002674       0x54 build/debug/stm32f1xx_hal_rcc.o
                0x08002674                HAL_RCC_GetSysClockFreq
 .text.HAL_RCC_ClockConfig
                0x080026c8      0x16c build/debug/stm32f1xx_hal_rcc.o
                0x080026c8                HAL_RCC_ClockConfig
 .text.HAL_RCC_GetHCLKFreq
                0x08002834        0xc build/debug/stm32f1xx_hal_rcc.o
                0x08002834                HAL_RCC_GetHCLKFreq
 .text.HAL_RCC_GetPCLK1Freq
                0x08002840       0x20 build/debug/stm32f1xx_hal_rcc.o
                0x08002840                HAL_RCC_GetPCLK1Freq
 .text.HAL_RCC_GetPCLK2Freq
                0x08002860       0x20 build/debug/stm32f1xx_hal_rcc.o
                0x08002860                HAL_RCC_GetPCLK2Freq
 .text.HAL_RCC_GetClockConfig
                0x08002880       0x3c build/debug/stm32f1xx_hal_rcc.o
                0x08002880                HAL_RCC_GetClockConfig
 .text.HAL_TIM_Base_MspInit
                0x080028bc        0x2 build/debug/stm32f1xx_hal_tim.o
                0x080028bc                HAL_TIM_Base_MspInit
 *fill*         0x080028be        0x2 
 .text.HAL_TIM_Base_Start_IT
                0x080028c0       0x68 build/debug/stm32f1xx_hal_tim.o
                0x080028c0                HAL_TIM_Base_Start_IT
 .text.HAL_TIM_OC_DelayElapsedCallback
                0x08002928        0x2 build/debug/stm32f1xx_hal_tim.o
                0x08002928                HAL_TIM_OC_DelayElapsedCallback
 .text.HAL_TIM_IC_CaptureCallback
                0x0800292a        0x2 build/debug/stm32f1xx_hal_tim.o
                0x0800292a                HAL_TIM_IC_CaptureCallback
 .text.HAL_TIM_PWM_PulseFinishedCallback
                0x0800292c        0x2 build/debug/stm32f1xx_hal_tim.o
                0x0800292c                HAL_TIM_PWM_PulseFinishedCallback
 .text.HAL_TIM_TriggerCallback
                0x0800292e        0x2 build/debug/stm32f1xx_hal_tim.o
                0x0800292e                HAL_TIM_TriggerCallback
 .text.HAL_TIM_IRQHandler
                0x08002930      0x15e build/debug/stm32f1xx_hal_tim.o
                0x08002930                HAL_TIM_IRQHandler
 *fill*         0x08002a8e        0x2 
 .text.TIM_Base_SetConfig
                0x08002a90       0x84 build/debug/stm32f1xx_hal_tim.o
                0x08002a90                TIM_Base_SetConfig
 .text.HAL_TIM_Base_Init
                0x08002b14       0x58 build/debug/stm32f1xx_hal_tim.o
                0x08002b14                HAL_TIM_Base_Init
 .text.HAL_TIMEx_CommutCallback
                0x08002b6c        0x2 build/debug/stm32f1xx_hal_tim_ex.o
                0x08002b6c                HAL_TIMEx_CommutCallback
 .text.HAL_TIMEx_BreakCallback
                0x08002b6e        0x2 build/debug/stm32f1xx_hal_tim_ex.o
                0x08002b6e                HAL_TIMEx_BreakCallback
 .text.HAL_InitTick
                0x08002b70       0x94 build/debug/stm32f1xx_hal_timebase_tim.o
                0x08002b70                HAL_InitTick
 .text.UART_SetConfig
                0x08002c04       0x94 build/debug/stm32f1xx_hal_uart.o
 .text.HAL_UART_Init
                0x08002c98       0x60 build/debug/stm32f1xx_hal_uart.o
                0x08002c98                HAL_UART_Init
 .text.NMI_Handler
                0x08002cf8        0x2 build/debug/stm32f1xx_it.o
                0x08002cf8                NMI_Handler
 .text.HardFault_Handler
                0x08002cfa        0x2 build/debug/stm32f1xx_it.o
                0x08002cfa                HardFault_Handler
 .text.MemManage_Handler
                0x08002cfc        0x2 build/debug/stm32f1xx_it.o
                0x08002cfc                MemManage_Handler
 .text.BusFault_Handler
                0x08002cfe        0x2 build/debug/stm32f1xx_it.o
                0x08002cfe                BusFault_Handler
 .text.UsageFault_Handler
                0x08002d00        0x2 build/debug/stm32f1xx_it.o
                0x08002d00                UsageFault_Handler
 .text.DebugMon_Handler
                0x08002d02        0x2 build/debug/stm32f1xx_it.o
                0x08002d02                DebugMon_Handler
 .text.TIM1_UP_IRQHandler
                0x08002d04       0x10 build/debug/stm32f1xx_it.o
                0x08002d04                TIM1_UP_IRQHandler
 .text.SystemInit
                0x08002d14        0x2 build/debug/system_stm32f1xx.o
                0x08002d14                SystemInit
 *fill*         0x08002d16        0x2 
 .text.prvResetNextTaskUnblockTime
                0x08002d18       0x2c build/debug/tasks.o
 .text.prvInitialiseNewTask
                0x08002d44       0x9c build/debug/tasks.o
 .text.prvInitialiseTaskLists
                0x08002de0       0x68 build/debug/tasks.o
 .text.prvAddNewTaskToReadyList
                0x08002e48       0xa8 build/debug/tasks.o
 .text.prvDeleteTCB
                0x08002ef0       0x38 build/debug/tasks.o
 .text.prvCheckTasksWaitingTermination
                0x08002f28       0x4c build/debug/tasks.o
 .text.prvIdleTask
                0x08002f74       0x28 build/debug/tasks.o
 .text.prvAddCurrentTaskToDelayedList
                0x08002f9c       0x98 build/debug/tasks.o
 .text.xTaskCreateStatic
                0x08003034       0x76 build/debug/tasks.o
                0x08003034                xTaskCreateStatic
 .text.xTaskCreate
                0x080030aa       0x64 build/debug/tasks.o
                0x080030aa                xTaskCreate
 *fill*         0x0800310e        0x2 
 .text.vTaskStartScheduler
                0x08003110       0x74 build/debug/tasks.o
                0x08003110                vTaskStartScheduler
 .text.vTaskSuspendAll
                0x08003184       0x10 build/debug/tasks.o
                0x08003184                vTaskSuspendAll
 .text.xTaskIncrementTick
                0x08003194      0x118 build/debug/tasks.o
                0x08003194                xTaskIncrementTick
 .text.xTaskResumeAll
                0x080032ac       0xf8 build/debug/tasks.o
                0x080032ac                xTaskResumeAll
 .text.vTaskDelay
                0x080033a4       0x4c build/debug/tasks.o
                0x080033a4                vTaskDelay
 .text.vTaskSwitchContext
                0x080033f0       0x98 build/debug/tasks.o
                0x080033f0                vTaskSwitchContext
 .text.item_node_text_init
                0x08003488       0x8a build/debug/ui.o
                0x08003488                item_node_text_init
 .text.page_node_init
                0x08003512       0x42 build/debug/ui.o
                0x08003512                page_node_init
 .text.curve_animotion
                0x08003554       0x38 build/debug/ui.o
                0x08003554                curve_animotion
 .text.show_UI  0x0800358c       0x3c build/debug/ui.o
                0x0800358c                show_UI
 .text.get_write_block_width
                0x080035c8       0x2c build/debug/vram.o
                0x080035c8                get_write_block_width
 .text.get_write_block_height
                0x080035f4       0x2c build/debug/vram.o
                0x080035f4                get_write_block_height
 .text.clear_vram_block
                0x08003620       0xbc build/debug/vram.o
                0x08003620                clear_vram_block
 .text.write_vram_block
                0x080036dc       0xd0 build/debug/vram.o
                0x080036dc                write_vram_block
 .text.write_to_vram
                0x080037ac       0x4c build/debug/vram.o
                0x080037ac                write_to_vram
 .text.write_to_vram_with_cover
                0x080037f8       0x3c build/debug/vram.o
                0x080037f8                write_to_vram_with_cover
 .text.send_vram_data_to_oled
                0x08003834       0x5c build/debug/vram.o
                0x08003834                send_vram_data_to_oled
 .text.get_vram_data
                0x08003890       0x90 build/debug/vram.o
                0x08003890                get_vram_data
 .text.Reset_Handler
                0x08003920       0x48 build/debug/startup_stm32f103xb.o
                0x08003920                Reset_Handler
 .text.Default_Handler
                0x08003968        0x2 build/debug/startup_stm32f103xb.o
                0x08003968                USBWakeUp_IRQHandler
                0x08003968                EXTI2_IRQHandler
                0x08003968                TIM1_CC_IRQHandler
                0x08003968                PVD_IRQHandler
                0x08003968                EXTI3_IRQHandler
                0x08003968                EXTI0_IRQHandler
                0x08003968                I2C2_EV_IRQHandler
                0x08003968                ADC1_2_IRQHandler
                0x08003968                SPI1_IRQHandler
                0x08003968                TAMPER_IRQHandler
                0x08003968                DMA1_Channel4_IRQHandler
                0x08003968                USART3_IRQHandler
                0x08003968                RTC_IRQHandler
                0x08003968                DMA1_Channel7_IRQHandler
                0x08003968                CAN1_RX1_IRQHandler
                0x08003968                TIM4_IRQHandler
                0x08003968                I2C1_EV_IRQHandler
                0x08003968                DMA1_Channel6_IRQHandler
                0x08003968                TIM3_IRQHandler
                0x08003968                RCC_IRQHandler
                0x08003968                TIM1_TRG_COM_IRQHandler
                0x08003968                DMA1_Channel1_IRQHandler
                0x08003968                Default_Handler
                0x08003968                EXTI15_10_IRQHandler
                0x08003968                EXTI9_5_IRQHandler
                0x08003968                SPI2_IRQHandler
                0x08003968                DMA1_Channel5_IRQHandler
                0x08003968                EXTI4_IRQHandler
                0x08003968                USB_LP_CAN1_RX0_IRQHandler
                0x08003968                USB_HP_CAN1_TX_IRQHandler
                0x08003968                DMA1_Channel3_IRQHandler
                0x08003968                WWDG_IRQHandler
                0x08003968                TIM2_IRQHandler
                0x08003968                TIM1_BRK_IRQHandler
                0x08003968                EXTI1_IRQHandler
                0x08003968                USART2_IRQHandler
                0x08003968                I2C2_ER_IRQHandler
                0x08003968                DMA1_Channel2_IRQHandler
                0x08003968                CAN1_SCE_IRQHandler
                0x08003968                FLASH_IRQHandler
                0x08003968                USART1_IRQHandler
                0x08003968                I2C1_ER_IRQHandler
                0x08003968                RTC_Alarm_IRQHandler
 .text.memset   0x0800396a       0x10 /Applications/ArmGNUToolchain/13.2.Rel1/arm-none-eabi/bin/../lib/gcc/arm-none-eabi/13.2.1/../../../../arm-none-eabi/lib/thumb/v7-m/nofp/libc_nano.a(libc_a-memset.o)
                0x0800396a                memset
 *fill*         0x0800397a        0x2 
 .text.__libc_init_array
                0x0800397c       0x48 /Applications/ArmGNUToolchain/13.2.Rel1/arm-none-eabi/bin/../lib/gcc/arm-none-eabi/13.2.1/../../../../arm-none-eabi/lib/thumb/v7-m/nofp/libc_nano.a(libc_a-init.o)
                0x0800397c                __libc_init_array
 .text.memcpy   0x080039c4       0x1c /Applications/ArmGNUToolchain/13.2.Rel1/arm-none-eabi/bin/../lib/gcc/arm-none-eabi/13.2.1/../../../../arm-none-eabi/lib/thumb/v7-m/nofp/libc_nano.a(libc_a-memcpy-stub.o)
                0x080039c4                memcpy
 .text.roundf   0x080039e0       0x48 /Applications/ArmGNUToolchain/13.2.Rel1/arm-none-eabi/bin/../lib/gcc/arm-none-eabi/13.2.1/../../../../arm-none-eabi/lib/thumb/v7-m/nofp/libm.a(libm_a-sf_round.o)
                0x080039e0                roundf
 .text.powf     0x08003a28       0xa8 /Applications/ArmGNUToolchain/13.2.Rel1/arm-none-eabi/bin/../lib/gcc/arm-none-eabi/13.2.1/../../../../arm-none-eabi/lib/thumb/v7-m/nofp/libm.a(libm_a-wf_pow.o)
                0x08003a28                powf
 .text.finitef  0x08003ad0       0x10 /Applications/ArmGNUToolchain/13.2.Rel1/arm-none-eabi/bin/../lib/gcc/arm-none-eabi/13.2.1/../../../../arm-none-eabi/lib/thumb/v7-m/nofp/libm.a(libm_a-sf_finite.o)
                0x08003ad0                finitef
 .text.__ieee754_powf
                0x08003ae0      0x790 /Applications/ArmGNUToolchain/13.2.Rel1/arm-none-eabi/bin/../lib/gcc/arm-none-eabi/13.2.1/../../../../arm-none-eabi/lib/thumb/v7-m/nofp/libm.a(libm_a-ef_pow.o)
                0x08003ae0                __ieee754_powf
 .text.with_errnof
                0x08004270       0x14 /Applications/ArmGNUToolchain/13.2.Rel1/arm-none-eabi/bin/../lib/gcc/arm-none-eabi/13.2.1/../../../../arm-none-eabi/lib/thumb/v7-m/nofp/libm.a(libm_a-math_errf.o)
 .text.xflowf   0x08004284       0x28 /Applications/ArmGNUToolchain/13.2.Rel1/arm-none-eabi/bin/../lib/gcc/arm-none-eabi/13.2.1/../../../../arm-none-eabi/lib/thumb/v7-m/nofp/libm.a(libm_a-math_errf.o)
 .text.__math_uflowf
                0x080042ac        0x8 /Applications/ArmGNUToolchain/13.2.Rel1/arm-none-eabi/bin/../lib/gcc/arm-none-eabi/13.2.1/../../../../arm-none-eabi/lib/thumb/v7-m/nofp/libm.a(libm_a-math_errf.o)
                0x080042ac                __math_uflowf
 .text.__math_oflowf
                0x080042b4        0x8 /Applications/ArmGNUToolchain/13.2.Rel1/arm-none-eabi/bin/../lib/gcc/arm-none-eabi/13.2.1/../../../../arm-none-eabi/lib/thumb/v7-m/nofp/libm.a(libm_a-math_errf.o)
                0x080042b4                __math_oflowf
 .text.scalbnf  0x080042bc       0xb0 /Applications/ArmGNUToolchain/13.2.Rel1/arm-none-eabi/bin/../lib/gcc/arm-none-eabi/13.2.1/../../../../arm-none-eabi/lib/thumb/v7-m/nofp/libm.a(libm_a-sf_scalbn.o)
                0x080042bc                scalbnf
 .text.fabsf    0x0800436c        0x8 /Applications/ArmGNUToolchain/13.2.Rel1/arm-none-eabi/bin/../lib/gcc/arm-none-eabi/13.2.1/../../../../arm-none-eabi/lib/thumb/v7-m/nofp/libm.a(libm_a-sf_fabs.o)
                0x0800436c                fabsf
 .text.__ieee754_sqrtf
                0x08004374       0xe4 /Applications/ArmGNUToolchain/13.2.Rel1/arm-none-eabi/bin/../lib/gcc/arm-none-eabi/13.2.1/../../../../arm-none-eabi/lib/thumb/v7-m/nofp/libm.a(libm_a-ef_sqrt.o)
                0x08004374                __ieee754_sqrtf
 .text.__errno  0x08004458        0xc /Applications/ArmGNUToolchain/13.2.Rel1/arm-none-eabi/bin/../lib/gcc/arm-none-eabi/13.2.1/../../../../arm-none-eabi/lib/thumb/v7-m/nofp/libc_nano.a(libc_a-errno.o)
                0x08004458                __errno
 *(.glue_7)
 .glue_7        0x08004464        0x0 linker stubs
 *(.glue_7t)
 .glue_7t       0x08004464        0x0 linker stubs
 *(.eh_frame)
 .eh_frame      0x08004464        0x0 /Applications/ArmGNUToolchain/13.2.Rel1/arm-none-eabi/bin/../lib/gcc/arm-none-eabi/13.2.1/thumb/v7-m/nofp/crtbegin.o
 *(.init)
 .init          0x08004464        0x4 /Applications/ArmGNUToolchain/13.2.Rel1/arm-none-eabi/bin/../lib/gcc/arm-none-eabi/13.2.1/thumb/v7-m/nofp/crti.o
                0x08004464                _init
 .init          0x08004468        0x8 /Applications/ArmGNUToolchain/13.2.Rel1/arm-none-eabi/bin/../lib/gcc/arm-none-eabi/13.2.1/thumb/v7-m/nofp/crtn.o
 *(.fini)
 .fini          0x08004470        0x4 /Applications/ArmGNUToolchain/13.2.Rel1/arm-none-eabi/bin/../lib/gcc/arm-none-eabi/13.2.1/thumb/v7-m/nofp/crti.o
                0x08004470                _fini
 .fini          0x08004474        0x8 /Applications/ArmGNUToolchain/13.2.Rel1/arm-none-eabi/bin/../lib/gcc/arm-none-eabi/13.2.1/thumb/v7-m/nofp/crtn.o
                0x0800447c                        . = ALIGN (0x4)
                0x0800447c                        _etext = .

.vfp11_veneer   0x0800447c        0x0
 .vfp11_veneer  0x0800447c        0x0 linker stubs

.v4_bx          0x0800447c        0x0
 .v4_bx         0x0800447c        0x0 linker stubs

.iplt           0x0800447c        0x0
 .iplt          0x0800447c        0x0 /Applications/ArmGNUToolchain/13.2.Rel1/arm-none-eabi/bin/../lib/gcc/arm-none-eabi/13.2.1/thumb/v7-m/nofp/crtbegin.o

.rodata         0x0800447c      0x83c
                0x0800447c                        . = ALIGN (0x4)
 *(.rodata)
 *(.rodata*)
 .rodata.ascii_font
                0x0800447c      0x800 build/debug/driver_oled.o
                0x0800447c                ascii_font
 .rodata.aPredivFactorTable.0
                0x08004c7c        0x2 build/debug/stm32f1xx_hal_rcc.o
 *fill*         0x08004c7e        0x2 
 .rodata.aPLLMULFactorTable.1
                0x08004c80       0x10 build/debug/stm32f1xx_hal_rcc.o
 .rodata.APBPrescTable
                0x08004c90        0x8 build/debug/system_stm32f1xx.o
                0x08004c90                APBPrescTable
 .rodata.AHBPrescTable
                0x08004c98       0x10 build/debug/system_stm32f1xx.o
                0x08004c98                AHBPrescTable
 .rodata.vTaskStartScheduler.str1.4
                0x08004ca8        0x5 build/debug/tasks.o
 *fill*         0x08004cad        0x3 
 .rodata.tiny   0x08004cb0        0x4 /Applications/ArmGNUToolchain/13.2.Rel1/arm-none-eabi/bin/../lib/gcc/arm-none-eabi/13.2.1/../../../../arm-none-eabi/lib/thumb/v7-m/nofp/libm.a(libm_a-ef_sqrt.o)
 .rodata.one    0x08004cb4        0x4 /Applications/ArmGNUToolchain/13.2.Rel1/arm-none-eabi/bin/../lib/gcc/arm-none-eabi/13.2.1/../../../../arm-none-eabi/lib/thumb/v7-m/nofp/libm.a(libm_a-ef_sqrt.o)
                0x08004cb8                        . = ALIGN (0x4)

.ARM.extab
 *(.ARM.extab* .gnu.linkonce.armextab.*)

.ARM            0x08004cb8        0x8
                0x08004cb8                        __exidx_start = .
 *(.ARM.exidx*)
 .ARM.exidx     0x08004cb8        0x8 /Applications/ArmGNUToolchain/13.2.Rel1/arm-none-eabi/bin/../lib/gcc/arm-none-eabi/13.2.1/../../../../arm-none-eabi/lib/thumb/v7-m/nofp/libc_nano.a(libc_a-strlen.o)
                0x08004cc0                        __exidx_end = .

.rel.dyn        0x08004cc0        0x0
 .rel.iplt      0x08004cc0        0x0 /Applications/ArmGNUToolchain/13.2.Rel1/arm-none-eabi/bin/../lib/gcc/arm-none-eabi/13.2.1/thumb/v7-m/nofp/crtbegin.o

.preinit_array  0x08004cc0        0x0
                0x08004cc0                        PROVIDE (__preinit_array_start = .)
 *(.preinit_array*)
                0x08004cc0                        PROVIDE (__preinit_array_end = .)

.init_array     0x08004cc0        0x4
                0x08004cc0                        PROVIDE (__init_array_start = .)
 *(SORT_BY_NAME(.init_array.*))
 *(.init_array*)
 .init_array    0x08004cc0        0x4 /Applications/ArmGNUToolchain/13.2.Rel1/arm-none-eabi/bin/../lib/gcc/arm-none-eabi/13.2.1/thumb/v7-m/nofp/crtbegin.o
                0x08004cc4                        PROVIDE (__init_array_end = .)

.fini_array     0x08004cc4        0x4
                [!provide]                        PROVIDE (__fini_array_start = .)
 *(SORT_BY_NAME(.fini_array.*))
 *(.fini_array*)
 .fini_array    0x08004cc4        0x4 /Applications/ArmGNUToolchain/13.2.Rel1/arm-none-eabi/bin/../lib/gcc/arm-none-eabi/13.2.1/thumb/v7-m/nofp/crtbegin.o
                [!provide]                        PROVIDE (__fini_array_end = .)
                0x08004cc8                        _sidata = LOADADDR (.data)

.data           0x20000000      0x1ac load address 0x08004cc8
                0x20000000                        . = ALIGN (0x4)
                0x20000000                        _sdata = .
 *(.data)
 *(.data*)
 .data.mem_mode
                0x20000000        0x1 build/debug/driver_oled.o
 *fill*         0x20000001        0x3 
 .data.uxCriticalNesting
                0x20000004        0x4 build/debug/port.o
 .data.uwTickFreq
                0x20000008        0x1 build/debug/stm32f1xx_hal.o
                0x20000008                uwTickFreq
 *fill*         0x20000009        0x3 
 .data.uwTickPrio
                0x2000000c        0x4 build/debug/stm32f1xx_hal.o
                0x2000000c                uwTickPrio
 .data.SystemCoreClock
                0x20000010        0x4 build/debug/system_stm32f1xx.o
                0x20000010                SystemCoreClock
 .data.currentNodePage
                0x20000014        0x4 build/debug/ui.o
                0x20000014                currentNodePage
 .data.pageNodeHead
                0x20000018       0x24 build/debug/ui.o
                0x20000018                pageNodeHead
 .data.ItemNodes
                0x2000003c      0x120 build/debug/ui.o
                0x2000003c                ItemNodes
 .data._impure_ptr
                0x2000015c        0x4 /Applications/ArmGNUToolchain/13.2.Rel1/arm-none-eabi/bin/../lib/gcc/arm-none-eabi/13.2.1/../../../../arm-none-eabi/lib/thumb/v7-m/nofp/libc_nano.a(libc_a-impure.o)
                0x2000015c                _impure_ptr
 .data._impure_data
                0x20000160       0x4c /Applications/ArmGNUToolchain/13.2.Rel1/arm-none-eabi/bin/../lib/gcc/arm-none-eabi/13.2.1/../../../../arm-none-eabi/lib/thumb/v7-m/nofp/libc_nano.a(libc_a-impure.o)
                0x20000160                _impure_data
                0x200001ac                        . = ALIGN (0x4)
                0x200001ac                        _edata = .

.tm_clone_table
                0x200001ac        0x0 load address 0x08004e74
 .tm_clone_table
                0x200001ac        0x0 /Applications/ArmGNUToolchain/13.2.Rel1/arm-none-eabi/bin/../lib/gcc/arm-none-eabi/13.2.1/thumb/v7-m/nofp/crtbegin.o
 .tm_clone_table
                0x200001ac        0x0 /Applications/ArmGNUToolchain/13.2.Rel1/arm-none-eabi/bin/../lib/gcc/arm-none-eabi/13.2.1/thumb/v7-m/nofp/crtend.o

.igot.plt       0x200001ac        0x0 load address 0x08004e74
 .igot.plt      0x200001ac        0x0 /Applications/ArmGNUToolchain/13.2.Rel1/arm-none-eabi/bin/../lib/gcc/arm-none-eabi/13.2.1/thumb/v7-m/nofp/crtbegin.o
                0x200001ac                        . = ALIGN (0x4)

.bss            0x200001ac     0x35fc load address 0x08004e74
                0x200001ac                        _sbss = .
                0x200001ac                        __bss_start__ = _sbss
 *(.bss)
 *(.bss*)
 .bss.completed.1
                0x200001ac        0x1 /Applications/ArmGNUToolchain/13.2.Rel1/arm-none-eabi/bin/../lib/gcc/arm-none-eabi/13.2.1/thumb/v7-m/nofp/crtbegin.o
 *fill*         0x200001ad        0x3 
 .bss.object.0  0x200001b0       0x18 /Applications/ArmGNUToolchain/13.2.Rel1/arm-none-eabi/bin/../lib/gcc/arm-none-eabi/13.2.1/thumb/v7-m/nofp/crtbegin.o
 .bss.xIdleStack
                0x200001c8      0x200 build/debug/freertos.o
 .bss.xIdleTaskTCBBuffer
                0x200003c8       0x54 build/debug/freertos.o
 .bss.xBlockAllocatedBit
                0x2000041c        0x4 build/debug/heap_4.o
 .bss.xNumberOfSuccessfulFrees
                0x20000420        0x4 build/debug/heap_4.o
 .bss.xNumberOfSuccessfulAllocations
                0x20000424        0x4 build/debug/heap_4.o
 .bss.xMinimumEverFreeBytesRemaining
                0x20000428        0x4 build/debug/heap_4.o
 .bss.xFreeBytesRemaining
                0x2000042c        0x4 build/debug/heap_4.o
 .bss.pxEnd     0x20000430        0x4 build/debug/heap_4.o
 .bss.xStart    0x20000434        0x8 build/debug/heap_4.o
 .bss.ucHeap    0x2000043c     0x2c00 build/debug/heap_4.o
 .bss.huart1    0x2000303c       0x48 build/debug/main.o
                0x2000303c                huart1
 .bss.hi2c1     0x20003084       0x54 build/debug/main.o
                0x20003084                hi2c1
 .bss.ulMaxPRIGROUPValue
                0x200030d8        0x4 build/debug/port.o
 .bss.ucMaxSysCallPriority
                0x200030dc        0x1 build/debug/port.o
 .bss.temp.0    0x200030dd        0x1 build/debug/selector.o
 .bss.selectorState.1
                0x200030de        0x1 build/debug/selector.o
 *fill*         0x200030df        0x1 
 .bss.selector  0x200030e0       0x18 build/debug/selector.o
                0x200030e0                selector
 .bss.uwTick    0x200030f8        0x4 build/debug/stm32f1xx_hal.o
                0x200030f8                uwTick
 .bss.htim1     0x200030fc       0x48 build/debug/stm32f1xx_hal_timebase_tim.o
                0x200030fc                htim1
 .bss.uxSchedulerSuspended
                0x20003144        0x4 build/debug/tasks.o
 .bss.xIdleTaskHandle
                0x20003148        0x4 build/debug/tasks.o
 .bss.xNextTaskUnblockTime
                0x2000314c        0x4 build/debug/tasks.o
 .bss.uxTaskNumber
                0x20003150        0x4 build/debug/tasks.o
 .bss.xNumOfOverflows
                0x20003154        0x4 build/debug/tasks.o
 .bss.xYieldPending
                0x20003158        0x4 build/debug/tasks.o
 .bss.xPendedTicks
                0x2000315c        0x4 build/debug/tasks.o
 .bss.xSchedulerRunning
                0x20003160        0x4 build/debug/tasks.o
 .bss.uxTopReadyPriority
                0x20003164        0x4 build/debug/tasks.o
 .bss.xTickCount
                0x20003168        0x4 build/debug/tasks.o
 .bss.uxCurrentNumberOfTasks
                0x2000316c        0x4 build/debug/tasks.o
 .bss.xSuspendedTaskList
                0x20003170       0x14 build/debug/tasks.o
 .bss.uxDeletedTasksWaitingCleanUp
                0x20003184        0x4 build/debug/tasks.o
 .bss.xTasksWaitingTermination
                0x20003188       0x14 build/debug/tasks.o
 .bss.xPendingReadyList
                0x2000319c       0x14 build/debug/tasks.o
 .bss.pxOverflowDelayedTaskList
                0x200031b0        0x4 build/debug/tasks.o
 .bss.pxDelayedTaskList
                0x200031b4        0x4 build/debug/tasks.o
 .bss.xDelayedTaskList2
                0x200031b8       0x14 build/debug/tasks.o
 .bss.xDelayedTaskList1
                0x200031cc       0x14 build/debug/tasks.o
 .bss.pxReadyTasksLists
                0x200031e0       0x8c build/debug/tasks.o
 .bss.pxCurrentTCB
                0x2000326c        0x4 build/debug/tasks.o
                0x2000326c                pxCurrentTCB
 .bss.main_vram_data
                0x20003270      0x400 build/debug/vram.o
                0x20003270                main_vram_data
 .bss.__sf      0x20003670      0x138 /Applications/ArmGNUToolchain/13.2.Rel1/arm-none-eabi/bin/../lib/gcc/arm-none-eabi/13.2.1/../../../../arm-none-eabi/lib/thumb/v7-m/nofp/libc_nano.a(libc_a-findfp.o)
                0x20003670                __sf
 *(COMMON)
                0x200037a8                        . = ALIGN (0x4)
                0x200037a8                        _ebss = .
                0x200037a8                        __bss_end__ = _ebss

._user_heap_stack
                0x200037a8      0x600 load address 0x08004e74
                0x200037a8                        . = ALIGN (0x8)
                0x200037a8                        PROVIDE (end = .)
                [!provide]                        PROVIDE (_end = .)
                0x200039a8                        . = (. + _Min_Heap_Size)
 *fill*         0x200037a8      0x200 
                0x20003da8                        . = (. + _Min_Stack_Size)
 *fill*         0x200039a8      0x400 
                0x20003da8                        . = ALIGN (0x8)

/DISCARD/
 libc.a(*)
 libm.a(*)
 libgcc.a(*)

.ARM.attributes
                0x00000000       0x29
 *(.ARM.attributes)
 .ARM.attributes
                0x00000000       0x1d /Applications/ArmGNUToolchain/13.2.Rel1/arm-none-eabi/bin/../lib/gcc/arm-none-eabi/13.2.1/thumb/v7-m/nofp/crti.o
 .ARM.attributes
                0x0000001d       0x2d /Applications/ArmGNUToolchain/13.2.Rel1/arm-none-eabi/bin/../lib/gcc/arm-none-eabi/13.2.1/thumb/v7-m/nofp/crtbegin.o
 .ARM.attributes
                0x0000004a       0x2d build/debug/cmsis_os.o
 .ARM.attributes
                0x00000077       0x2d build/debug/curve.o
 .ARM.attributes
                0x000000a4       0x2d build/debug/driver_oled.o
 .ARM.attributes
                0x000000d1       0x2d build/debug/freertos.o
 .ARM.attributes
                0x000000fe       0x2d build/debug/heap_4.o
 .ARM.attributes
                0x0000012b       0x2d build/debug/list.o
 .ARM.attributes
                0x00000158       0x2d build/debug/main.o
 .ARM.attributes
                0x00000185       0x2d build/debug/oled_font.o
 .ARM.attributes
                0x000001b2       0x2d build/debug/port.o
 .ARM.attributes
                0x000001df       0x2d build/debug/selector.o
 .ARM.attributes
                0x0000020c       0x2d build/debug/stm32f1xx_hal.o
 .ARM.attributes
                0x00000239       0x2d build/debug/stm32f1xx_hal_cortex.o
 .ARM.attributes
                0x00000266       0x2d build/debug/stm32f1xx_hal_gpio.o
 .ARM.attributes
                0x00000293       0x2d build/debug/stm32f1xx_hal_i2c.o
 .ARM.attributes
                0x000002c0       0x2d build/debug/stm32f1xx_hal_msp.o
 .ARM.attributes
                0x000002ed       0x2d build/debug/stm32f1xx_hal_rcc.o
 .ARM.attributes
                0x0000031a       0x2d build/debug/stm32f1xx_hal_tim.o
 .ARM.attributes
                0x00000347       0x2d build/debug/stm32f1xx_hal_tim_ex.o
 .ARM.attributes
                0x00000374       0x2d build/debug/stm32f1xx_hal_timebase_tim.o
 .ARM.attributes
                0x000003a1       0x2d build/debug/stm32f1xx_hal_uart.o
 .ARM.attributes
                0x000003ce       0x2d build/debug/stm32f1xx_it.o
 .ARM.attributes
                0x000003fb       0x2d build/debug/system_stm32f1xx.o
 .ARM.attributes
                0x00000428       0x2d build/debug/tasks.o
 .ARM.attributes
                0x00000455       0x2d build/debug/ui.o
 .ARM.attributes
                0x00000482       0x2d build/debug/vram.o
 .ARM.attributes
                0x000004af       0x21 build/debug/startup_stm32f103xb.o
 .ARM.attributes
                0x000004d0       0x2d /Applications/ArmGNUToolchain/13.2.Rel1/arm-none-eabi/bin/../lib/gcc/arm-none-eabi/13.2.1/../../../../arm-none-eabi/lib/thumb/v7-m/nofp/libc_nano.a(libc_a-findfp.o)
 .ARM.attributes
                0x000004fd       0x2d /Applications/ArmGNUToolchain/13.2.Rel1/arm-none-eabi/bin/../lib/gcc/arm-none-eabi/13.2.1/../../../../arm-none-eabi/lib/thumb/v7-m/nofp/libc_nano.a(libc_a-memset.o)
 .ARM.attributes
                0x0000052a       0x2d /Applications/ArmGNUToolchain/13.2.Rel1/arm-none-eabi/bin/../lib/gcc/arm-none-eabi/13.2.1/../../../../arm-none-eabi/lib/thumb/v7-m/nofp/libc_nano.a(libc_a-impure.o)
 .ARM.attributes
                0x00000557       0x2d /Applications/ArmGNUToolchain/13.2.Rel1/arm-none-eabi/bin/../lib/gcc/arm-none-eabi/13.2.1/../../../../arm-none-eabi/lib/thumb/v7-m/nofp/libc_nano.a(libc_a-init.o)
 .ARM.attributes
                0x00000584       0x2d /Applications/ArmGNUToolchain/13.2.Rel1/arm-none-eabi/bin/../lib/gcc/arm-none-eabi/13.2.1/../../../../arm-none-eabi/lib/thumb/v7-m/nofp/libc_nano.a(libc_a-memcpy-stub.o)
 .ARM.attributes
                0x000005b1       0x17 /Applications/ArmGNUToolchain/13.2.Rel1/arm-none-eabi/bin/../lib/gcc/arm-none-eabi/13.2.1/../../../../arm-none-eabi/lib/thumb/v7-m/nofp/libc_nano.a(libc_a-strlen.o)
 .ARM.attributes
                0x000005c8       0x2d /Applications/ArmGNUToolchain/13.2.Rel1/arm-none-eabi/bin/../lib/gcc/arm-none-eabi/13.2.1/../../../../arm-none-eabi/lib/thumb/v7-m/nofp/libm.a(libm_a-sf_round.o)
 .ARM.attributes
                0x000005f5       0x2d /Applications/ArmGNUToolchain/13.2.Rel1/arm-none-eabi/bin/../lib/gcc/arm-none-eabi/13.2.1/../../../../arm-none-eabi/lib/thumb/v7-m/nofp/libm.a(libm_a-wf_pow.o)
 .ARM.attributes
                0x00000622       0x2d /Applications/ArmGNUToolchain/13.2.Rel1/arm-none-eabi/bin/../lib/gcc/arm-none-eabi/13.2.1/../../../../arm-none-eabi/lib/thumb/v7-m/nofp/libm.a(libm_a-sf_finite.o)
 .ARM.attributes
                0x0000064f       0x2d /Applications/ArmGNUToolchain/13.2.Rel1/arm-none-eabi/bin/../lib/gcc/arm-none-eabi/13.2.1/../../../../arm-none-eabi/lib/thumb/v7-m/nofp/libm.a(libm_a-ef_pow.o)
 .ARM.attributes
                0x0000067c       0x2d /Applications/ArmGNUToolchain/13.2.Rel1/arm-none-eabi/bin/../lib/gcc/arm-none-eabi/13.2.1/../../../../arm-none-eabi/lib/thumb/v7-m/nofp/libm.a(libm_a-math_errf.o)
 .ARM.attributes
                0x000006a9       0x2d /Applications/ArmGNUToolchain/13.2.Rel1/arm-none-eabi/bin/../lib/gcc/arm-none-eabi/13.2.1/../../../../arm-none-eabi/lib/thumb/v7-m/nofp/libm.a(libm_a-sf_scalbn.o)
 .ARM.attributes
                0x000006d6       0x2d /Applications/ArmGNUToolchain/13.2.Rel1/arm-none-eabi/bin/../lib/gcc/arm-none-eabi/13.2.1/../../../../arm-none-eabi/lib/thumb/v7-m/nofp/libm.a(libm_a-sf_fabs.o)
 .ARM.attributes
                0x00000703       0x2d /Applications/ArmGNUToolchain/13.2.Rel1/arm-none-eabi/bin/../lib/gcc/arm-none-eabi/13.2.1/../../../../arm-none-eabi/lib/thumb/v7-m/nofp/libm.a(libm_a-ef_sqrt.o)
 .ARM.attributes
                0x00000730       0x1d /Applications/ArmGNUToolchain/13.2.Rel1/arm-none-eabi/bin/../lib/gcc/arm-none-eabi/13.2.1/thumb/v7-m/nofp/libgcc.a(_arm_addsubsf3.o)
 .ARM.attributes
                0x0000074d       0x1d /Applications/ArmGNUToolchain/13.2.Rel1/arm-none-eabi/bin/../lib/gcc/arm-none-eabi/13.2.1/thumb/v7-m/nofp/libgcc.a(_arm_muldivsf3.o)
 .ARM.attributes
                0x0000076a       0x1d /Applications/ArmGNUToolchain/13.2.Rel1/arm-none-eabi/bin/../lib/gcc/arm-none-eabi/13.2.1/thumb/v7-m/nofp/libgcc.a(_arm_cmpsf2.o)
 .ARM.attributes
                0x00000787       0x1d /Applications/ArmGNUToolchain/13.2.Rel1/arm-none-eabi/bin/../lib/gcc/arm-none-eabi/13.2.1/thumb/v7-m/nofp/libgcc.a(_arm_unordsf2.o)
 .ARM.attributes
                0x000007a4       0x1d /Applications/ArmGNUToolchain/13.2.Rel1/arm-none-eabi/bin/../lib/gcc/arm-none-eabi/13.2.1/thumb/v7-m/nofp/libgcc.a(_arm_fixunssfsi.o)
 .ARM.attributes
                0x000007c1       0x2d /Applications/ArmGNUToolchain/13.2.Rel1/arm-none-eabi/bin/../lib/gcc/arm-none-eabi/13.2.1/../../../../arm-none-eabi/lib/thumb/v7-m/nofp/libc_nano.a(libc_a-errno.o)
 .ARM.attributes
                0x000007ee       0x2d /Applications/ArmGNUToolchain/13.2.Rel1/arm-none-eabi/bin/../lib/gcc/arm-none-eabi/13.2.1/thumb/v7-m/nofp/crtend.o
 .ARM.attributes
                0x0000081b       0x1d /Applications/ArmGNUToolchain/13.2.Rel1/arm-none-eabi/bin/../lib/gcc/arm-none-eabi/13.2.1/thumb/v7-m/nofp/crtn.o
OUTPUT(build/debug/stm_UI.elf elf32-littlearm)
LOAD linker stubs
LOAD /Applications/ArmGNUToolchain/13.2.Rel1/arm-none-eabi/bin/../lib/gcc/arm-none-eabi/13.2.1/../../../../arm-none-eabi/lib/thumb/v7-m/nofp/libc.a
LOAD /Applications/ArmGNUToolchain/13.2.Rel1/arm-none-eabi/bin/../lib/gcc/arm-none-eabi/13.2.1/../../../../arm-none-eabi/lib/thumb/v7-m/nofp/libm.a
LOAD /Applications/ArmGNUToolchain/13.2.Rel1/arm-none-eabi/bin/../lib/gcc/arm-none-eabi/13.2.1/thumb/v7-m/nofp/libgcc.a

.debug_info     0x00000000    0x1b549
 .debug_info    0x00000000     0x2434 build/debug/cmsis_os.o
 .debug_info    0x00002434      0x57a build/debug/curve.o
 .debug_info    0x000029ae     0x144d build/debug/driver_oled.o
 .debug_info    0x00003dfb      0x272 build/debug/freertos.o
 .debug_info    0x0000406d      0x593 build/debug/heap_4.o
 .debug_info    0x00004600      0x2bf build/debug/list.o
 .debug_info    0x000048bf     0x11b5 build/debug/main.o
 .debug_info    0x00005a74      0x1f3 build/debug/oled_font.o
 .debug_info    0x00005c67      0x505 build/debug/port.o
 .debug_info    0x0000616c      0x65d build/debug/selector.o
 .debug_info    0x000067c9      0x7a2 build/debug/stm32f1xx_hal.o
 .debug_info    0x00006f6b      0xcd9 build/debug/stm32f1xx_hal_cortex.o
 .debug_info    0x00007c44      0x604 build/debug/stm32f1xx_hal_gpio.o
 .debug_info    0x00008248     0x390b build/debug/stm32f1xx_hal_i2c.o
 .debug_info    0x0000bb53      0xd51 build/debug/stm32f1xx_hal_msp.o
 .debug_info    0x0000c8a4      0x9c7 build/debug/stm32f1xx_hal_rcc.o
 .debug_info    0x0000d26b     0x3c0f build/debug/stm32f1xx_hal_tim.o
 .debug_info    0x00010e7a     0x1aac build/debug/stm32f1xx_hal_tim_ex.o
 .debug_info    0x00012926      0xa29 build/debug/stm32f1xx_hal_timebase_tim.o
 .debug_info    0x0001334f     0x3f85 build/debug/stm32f1xx_hal_uart.o
 .debug_info    0x000172d4      0x674 build/debug/stm32f1xx_it.o
 .debug_info    0x00017948      0x22d build/debug/system_stm32f1xx.o
 .debug_info    0x00017b75     0x287c build/debug/tasks.o
 .debug_info    0x0001a3f1      0x6d3 build/debug/ui.o
 .debug_info    0x0001aac4      0xa55 build/debug/vram.o
 .debug_info    0x0001b519       0x30 build/debug/startup_stm32f103xb.o

.debug_abbrev   0x00000000     0x390f
 .debug_abbrev  0x00000000      0x3e1 build/debug/cmsis_os.o
 .debug_abbrev  0x000003e1      0x169 build/debug/curve.o
 .debug_abbrev  0x0000054a      0x318 build/debug/driver_oled.o
 .debug_abbrev  0x00000862       0xd0 build/debug/freertos.o
 .debug_abbrev  0x00000932      0x263 build/debug/heap_4.o
 .debug_abbrev  0x00000b95      0x10a build/debug/list.o
 .debug_abbrev  0x00000c9f      0x2e3 build/debug/main.o
 .debug_abbrev  0x00000f82      0x124 build/debug/oled_font.o
 .debug_abbrev  0x000010a6      0x2a4 build/debug/port.o
 .debug_abbrev  0x0000134a      0x1f1 build/debug/selector.o
 .debug_abbrev  0x0000153b      0x22d build/debug/stm32f1xx_hal.o
 .debug_abbrev  0x00001768      0x36d build/debug/stm32f1xx_hal_cortex.o
 .debug_abbrev  0x00001ad5      0x1f7 build/debug/stm32f1xx_hal_gpio.o
 .debug_abbrev  0x00001ccc      0x2be build/debug/stm32f1xx_hal_i2c.o
 .debug_abbrev  0x00001f8a      0x1f1 build/debug/stm32f1xx_hal_msp.o
 .debug_abbrev  0x0000217b      0x2a0 build/debug/stm32f1xx_hal_rcc.o
 .debug_abbrev  0x0000241b      0x270 build/debug/stm32f1xx_hal_tim.o
 .debug_abbrev  0x0000268b      0x26e build/debug/stm32f1xx_hal_tim_ex.o
 .debug_abbrev  0x000028f9      0x232 build/debug/stm32f1xx_hal_timebase_tim.o
 .debug_abbrev  0x00002b2b      0x31c build/debug/stm32f1xx_hal_uart.o
 .debug_abbrev  0x00002e47      0x185 build/debug/stm32f1xx_it.o
 .debug_abbrev  0x00002fcc      0x143 build/debug/system_stm32f1xx.o
 .debug_abbrev  0x0000310f      0x38d build/debug/tasks.o
 .debug_abbrev  0x0000349c      0x1ec build/debug/ui.o
 .debug_abbrev  0x00003688      0x263 build/debug/vram.o
 .debug_abbrev  0x000038eb       0x24 build/debug/startup_stm32f103xb.o

.debug_loclists
                0x00000000     0xeeac
 .debug_loclists
                0x00000000      0xcde build/debug/cmsis_os.o
 .debug_loclists
                0x00000cde      0x2c8 build/debug/curve.o
 .debug_loclists
                0x00000fa6      0x757 build/debug/driver_oled.o
 .debug_loclists
                0x000016fd      0x2b7 build/debug/heap_4.o
 .debug_loclists
                0x000019b4       0x75 build/debug/list.o
 .debug_loclists
                0x00001a29       0x5d build/debug/main.o
 .debug_loclists
                0x00001a86      0x118 build/debug/oled_font.o
 .debug_loclists
                0x00001b9e       0x98 build/debug/port.o
 .debug_loclists
                0x00001c36      0x11f build/debug/selector.o
 .debug_loclists
                0x00001d55       0xe1 build/debug/stm32f1xx_hal.o
 .debug_loclists
                0x00001e36      0x530 build/debug/stm32f1xx_hal_cortex.o
 .debug_loclists
                0x00002366      0x318 build/debug/stm32f1xx_hal_gpio.o
 .debug_loclists
                0x0000267e     0x31ca build/debug/stm32f1xx_hal_i2c.o
 .debug_loclists
                0x00005848       0xd0 build/debug/stm32f1xx_hal_msp.o
 .debug_loclists
                0x00005918      0x42e build/debug/stm32f1xx_hal_rcc.o
 .debug_loclists
                0x00005d46     0x37db build/debug/stm32f1xx_hal_tim.o
 .debug_loclists
                0x00009521     0x1398 build/debug/stm32f1xx_hal_tim_ex.o
 .debug_loclists
                0x0000a8b9       0x96 build/debug/stm32f1xx_hal_timebase_tim.o
 .debug_loclists
                0x0000a94f     0x2c86 build/debug/stm32f1xx_hal_uart.o
 .debug_loclists
                0x0000d5d5       0xb7 build/debug/system_stm32f1xx.o
 .debug_loclists
                0x0000d68c     0x129b build/debug/tasks.o
 .debug_loclists
                0x0000e927       0xfe build/debug/ui.o
 .debug_loclists
                0x0000ea25      0x487 build/debug/vram.o

.debug_aranges  0x00000000     0x14d8
 .debug_aranges
                0x00000000      0x1d8 build/debug/cmsis_os.o
 .debug_aranges
                0x000001d8       0x48 build/debug/curve.o
 .debug_aranges
                0x00000220       0xe0 build/debug/driver_oled.o
 .debug_aranges
                0x00000300       0x20 build/debug/freertos.o
 .debug_aranges
                0x00000320       0x58 build/debug/heap_4.o
 .debug_aranges
                0x00000378       0x40 build/debug/list.o
 .debug_aranges
                0x000003b8       0x58 build/debug/main.o
 .debug_aranges
                0x00000410       0x28 build/debug/oled_font.o
 .debug_aranges
                0x00000438       0x78 build/debug/port.o
 .debug_aranges
                0x000004b0       0x48 build/debug/selector.o
 .debug_aranges
                0x000004f8       0xe0 build/debug/stm32f1xx_hal.o
 .debug_aranges
                0x000005d8       0xc0 build/debug/stm32f1xx_hal_cortex.o
 .debug_aranges
                0x00000698       0x58 build/debug/stm32f1xx_hal_gpio.o
 .debug_aranges
                0x000006f0      0x2a8 build/debug/stm32f1xx_hal_i2c.o
 .debug_aranges
                0x00000998       0x40 build/debug/stm32f1xx_hal_msp.o
 .debug_aranges
                0x000009d8       0x90 build/debug/stm32f1xx_hal_rcc.o
 .debug_aranges
                0x00000a68      0x3d0 build/debug/stm32f1xx_hal_tim.o
 .debug_aranges
                0x00000e38      0x168 build/debug/stm32f1xx_hal_tim_ex.o
 .debug_aranges
                0x00000fa0       0x30 build/debug/stm32f1xx_hal_timebase_tim.o
 .debug_aranges
                0x00000fd0      0x208 build/debug/stm32f1xx_hal_uart.o
 .debug_aranges
                0x000011d8       0x50 build/debug/stm32f1xx_it.o
 .debug_aranges
                0x00001228       0x28 build/debug/system_stm32f1xx.o
 .debug_aranges
                0x00001250      0x1b8 build/debug/tasks.o
 .debug_aranges
                0x00001408       0x40 build/debug/ui.o
 .debug_aranges
                0x00001448       0x68 build/debug/vram.o
 .debug_aranges
                0x000014b0       0x28 build/debug/startup_stm32f103xb.o

.debug_rnglists
                0x00000000     0x10f6
 .debug_rnglists
                0x00000000      0x15f build/debug/cmsis_os.o
 .debug_rnglists
                0x0000015f       0x33 build/debug/curve.o
 .debug_rnglists
                0x00000192       0xa5 build/debug/driver_oled.o
 .debug_rnglists
                0x00000237       0x13 build/debug/freertos.o
 .debug_rnglists
                0x0000024a       0x3f build/debug/heap_4.o
 .debug_rnglists
                0x00000289       0x2b build/debug/list.o
 .debug_rnglists
                0x000002b4       0x3d build/debug/main.o
 .debug_rnglists
                0x000002f1       0x31 build/debug/oled_font.o
 .debug_rnglists
                0x00000322       0x56 build/debug/port.o
 .debug_rnglists
                0x00000378       0x3d build/debug/selector.o
 .debug_rnglists
                0x000003b5       0xa3 build/debug/stm32f1xx_hal.o
 .debug_rnglists
                0x00000458       0x8b build/debug/stm32f1xx_hal_cortex.o
 .debug_rnglists
                0x000004e3       0x3f build/debug/stm32f1xx_hal_gpio.o
 .debug_rnglists
                0x00000522      0x236 build/debug/stm32f1xx_hal_i2c.o
 .debug_rnglists
                0x00000758       0x2b build/debug/stm32f1xx_hal_msp.o
 .debug_rnglists
                0x00000783       0x7d build/debug/stm32f1xx_hal_rcc.o
 .debug_rnglists
                0x00000800      0x2ff build/debug/stm32f1xx_hal_tim.o
 .debug_rnglists
                0x00000aff      0x11a build/debug/stm32f1xx_hal_tim_ex.o
 .debug_rnglists
                0x00000c19       0x20 build/debug/stm32f1xx_hal_timebase_tim.o
 .debug_rnglists
                0x00000c39      0x1a1 build/debug/stm32f1xx_hal_uart.o
 .debug_rnglists
                0x00000dda       0x37 build/debug/stm32f1xx_it.o
 .debug_rnglists
                0x00000e11       0x1a build/debug/system_stm32f1xx.o
 .debug_rnglists
                0x00000e2b      0x1c7 build/debug/tasks.o
 .debug_rnglists
                0x00000ff2       0x2c build/debug/ui.o
 .debug_rnglists
                0x0000101e       0xbf build/debug/vram.o
 .debug_rnglists
                0x000010dd       0x19 build/debug/startup_stm32f103xb.o

.debug_line     0x00000000    0x17f3b
 .debug_line    0x00000000     0x12fa build/debug/cmsis_os.o
 .debug_line    0x000012fa      0x344 build/debug/curve.o
 .debug_line    0x0000163e      0x890 build/debug/driver_oled.o
 .debug_line    0x00001ece      0x1ae build/debug/freertos.o
 .debug_line    0x0000207c      0x711 build/debug/heap_4.o
 .debug_line    0x0000278d      0x35e build/debug/list.o
 .debug_line    0x00002aeb      0x579 build/debug/main.o
 .debug_line    0x00003064      0x2e5 build/debug/oled_font.o
 .debug_line    0x00003349      0x592 build/debug/port.o
 .debug_line    0x000038db      0x557 build/debug/selector.o
 .debug_line    0x00003e32      0x518 build/debug/stm32f1xx_hal.o
 .debug_line    0x0000434a      0x691 build/debug/stm32f1xx_hal_cortex.o
 .debug_line    0x000049db      0x5ba build/debug/stm32f1xx_hal_gpio.o
 .debug_line    0x00004f95     0x5632 build/debug/stm32f1xx_hal_i2c.o
 .debug_line    0x0000a5c7      0x34b build/debug/stm32f1xx_hal_msp.o
 .debug_line    0x0000a912      0xc94 build/debug/stm32f1xx_hal_rcc.o
 .debug_line    0x0000b5a6     0x45d9 build/debug/stm32f1xx_hal_tim.o
 .debug_line    0x0000fb7f     0x19d6 build/debug/stm32f1xx_hal_tim_ex.o
 .debug_line    0x00011555      0x2d5 build/debug/stm32f1xx_hal_timebase_tim.o
 .debug_line    0x0001182a     0x3489 build/debug/stm32f1xx_hal_uart.o
 .debug_line    0x00014cb3      0x249 build/debug/stm32f1xx_it.o
 .debug_line    0x00014efc      0x22f build/debug/system_stm32f1xx.o
 .debug_line    0x0001512b     0x20bc build/debug/tasks.o
 .debug_line    0x000171e7      0x49c build/debug/ui.o
 .debug_line    0x00017683      0x844 build/debug/vram.o
 .debug_line    0x00017ec7       0x74 build/debug/startup_stm32f103xb.o

.debug_str      0x00000000     0x6662
 .debug_str     0x00000000     0x6662 build/debug/cmsis_os.o
                               0x1046 (size before relaxing)
 .debug_str     0x00006662      0x352 build/debug/curve.o
 .debug_str     0x00006662      0x94a build/debug/driver_oled.o
 .debug_str     0x00006662      0x2d0 build/debug/freertos.o
 .debug_str     0x00006662      0x4dc build/debug/heap_4.o
 .debug_str     0x00006662      0x2c3 build/debug/list.o
 .debug_str     0x00006662      0xf63 build/debug/main.o
 .debug_str     0x00006662      0x1ff build/debug/oled_font.o
 .debug_str     0x00006662      0x42f build/debug/port.o
 .debug_str     0x00006662      0x4e6 build/debug/selector.o
 .debug_str     0x00006662      0x7fc build/debug/stm32f1xx_hal.o
 .debug_str     0x00006662      0x8a1 build/debug/stm32f1xx_hal_cortex.o
 .debug_str     0x00006662      0x3ce build/debug/stm32f1xx_hal_gpio.o
 .debug_str     0x00006662      0xf93 build/debug/stm32f1xx_hal_i2c.o
 .debug_str     0x00006662      0xbfe build/debug/stm32f1xx_hal_msp.o
 .debug_str     0x00006662      0x5f9 build/debug/stm32f1xx_hal_rcc.o
 .debug_str     0x00006662     0x1653 build/debug/stm32f1xx_hal_tim.o
 .debug_str     0x00006662      0xe5f build/debug/stm32f1xx_hal_tim_ex.o
 .debug_str     0x00006662      0xada build/debug/stm32f1xx_hal_timebase_tim.o
 .debug_str     0x00006662      0xcc2 build/debug/stm32f1xx_hal_uart.o
 .debug_str     0x00006662      0x6ad build/debug/stm32f1xx_it.o
 .debug_str     0x00006662      0x222 build/debug/system_stm32f1xx.o
 .debug_str     0x00006662      0xfdc build/debug/tasks.o
 .debug_str     0x00006662      0x592 build/debug/ui.o
 .debug_str     0x00006662      0x4d0 build/debug/vram.o
 .debug_str     0x00006662       0x55 build/debug/startup_stm32f103xb.o

.comment        0x00000000       0x44
 .comment       0x00000000       0x44 build/debug/cmsis_os.o
                                 0x45 (size before relaxing)
 .comment       0x00000044       0x45 build/debug/curve.o
 .comment       0x00000044       0x45 build/debug/driver_oled.o
 .comment       0x00000044       0x45 build/debug/freertos.o
 .comment       0x00000044       0x45 build/debug/heap_4.o
 .comment       0x00000044       0x45 build/debug/list.o
 .comment       0x00000044       0x45 build/debug/main.o
 .comment       0x00000044       0x45 build/debug/oled_font.o
 .comment       0x00000044       0x45 build/debug/port.o
 .comment       0x00000044       0x45 build/debug/selector.o
 .comment       0x00000044       0x45 build/debug/stm32f1xx_hal.o
 .comment       0x00000044       0x45 build/debug/stm32f1xx_hal_cortex.o
 .comment       0x00000044       0x45 build/debug/stm32f1xx_hal_gpio.o
 .comment       0x00000044       0x45 build/debug/stm32f1xx_hal_i2c.o
 .comment       0x00000044       0x45 build/debug/stm32f1xx_hal_msp.o
 .comment       0x00000044       0x45 build/debug/stm32f1xx_hal_rcc.o
 .comment       0x00000044       0x45 build/debug/stm32f1xx_hal_tim.o
 .comment       0x00000044       0x45 build/debug/stm32f1xx_hal_tim_ex.o
 .comment       0x00000044       0x45 build/debug/stm32f1xx_hal_timebase_tim.o
 .comment       0x00000044       0x45 build/debug/stm32f1xx_hal_uart.o
 .comment       0x00000044       0x45 build/debug/stm32f1xx_it.o
 .comment       0x00000044       0x45 build/debug/system_stm32f1xx.o
 .comment       0x00000044       0x45 build/debug/tasks.o
 .comment       0x00000044       0x45 build/debug/ui.o
 .comment       0x00000044       0x45 build/debug/vram.o

.debug_frame    0x00000000     0x4038
 .debug_frame   0x00000000      0x58c build/debug/cmsis_os.o
 .debug_frame   0x0000058c       0xc0 build/debug/curve.o
 .debug_frame   0x0000064c      0x2e8 build/debug/driver_oled.o
 .debug_frame   0x00000934       0x20 build/debug/freertos.o
 .debug_frame   0x00000954       0xd0 build/debug/heap_4.o
 .debug_frame   0x00000a24       0x70 build/debug/list.o
 .debug_frame   0x00000a94       0xd0 build/debug/main.o
 .debug_frame   0x00000b64       0x44 build/debug/oled_font.o
 .debug_frame   0x00000ba8       0xf0 build/debug/port.o
 .debug_frame   0x00000c98       0xa8 build/debug/selector.o
 .debug_frame   0x00000d40      0x1cc build/debug/stm32f1xx_hal.o
 .debug_frame   0x00000f0c      0x19c build/debug/stm32f1xx_hal_cortex.o
 .debug_frame   0x000010a8       0xe4 build/debug/stm32f1xx_hal_gpio.o
 .debug_frame   0x0000118c      0x988 build/debug/stm32f1xx_hal_i2c.o
 .debug_frame   0x00001b14       0x9c build/debug/stm32f1xx_hal_msp.o
 .debug_frame   0x00001bb0      0x184 build/debug/stm32f1xx_hal_rcc.o
 .debug_frame   0x00001d34      0xb18 build/debug/stm32f1xx_hal_tim.o
 .debug_frame   0x0000284c      0x418 build/debug/stm32f1xx_hal_tim_ex.o
 .debug_frame   0x00002c64       0x54 build/debug/stm32f1xx_hal_timebase_tim.o
 .debug_frame   0x00002cb8      0x5dc build/debug/stm32f1xx_hal_uart.o
 .debug_frame   0x00003294       0x88 build/debug/stm32f1xx_it.o
 .debug_frame   0x0000331c       0x30 build/debug/system_stm32f1xx.o
 .debug_frame   0x0000334c      0x598 build/debug/tasks.o
 .debug_frame   0x000038e4       0x98 build/debug/ui.o
 .debug_frame   0x0000397c      0x138 build/debug/vram.o
 .debug_frame   0x00003ab4      0x144 /Applications/ArmGNUToolchain/13.2.Rel1/arm-none-eabi/bin/../lib/gcc/arm-none-eabi/13.2.1/../../../../arm-none-eabi/lib/thumb/v7-m/nofp/libc_nano.a(libc_a-findfp.o)
 .debug_frame   0x00003bf8       0x20 /Applications/ArmGNUToolchain/13.2.Rel1/arm-none-eabi/bin/../lib/gcc/arm-none-eabi/13.2.1/../../../../arm-none-eabi/lib/thumb/v7-m/nofp/libc_nano.a(libc_a-memset.o)
 .debug_frame   0x00003c18       0x2c /Applications/ArmGNUToolchain/13.2.Rel1/arm-none-eabi/bin/../lib/gcc/arm-none-eabi/13.2.1/../../../../arm-none-eabi/lib/thumb/v7-m/nofp/libc_nano.a(libc_a-init.o)
 .debug_frame   0x00003c44       0x28 /Applications/ArmGNUToolchain/13.2.Rel1/arm-none-eabi/bin/../lib/gcc/arm-none-eabi/13.2.1/../../../../arm-none-eabi/lib/thumb/v7-m/nofp/libc_nano.a(libc_a-memcpy-stub.o)
 .debug_frame   0x00003c6c       0x28 /Applications/ArmGNUToolchain/13.2.Rel1/arm-none-eabi/bin/../lib/gcc/arm-none-eabi/13.2.1/../../../../arm-none-eabi/lib/thumb/v7-m/nofp/libm.a(libm_a-sf_round.o)
 .debug_frame   0x00003c94       0x2c /Applications/ArmGNUToolchain/13.2.Rel1/arm-none-eabi/bin/../lib/gcc/arm-none-eabi/13.2.1/../../../../arm-none-eabi/lib/thumb/v7-m/nofp/libm.a(libm_a-wf_pow.o)
 .debug_frame   0x00003cc0       0x20 /Applications/ArmGNUToolchain/13.2.Rel1/arm-none-eabi/bin/../lib/gcc/arm-none-eabi/13.2.1/../../../../arm-none-eabi/lib/thumb/v7-m/nofp/libm.a(libm_a-sf_finite.o)
 .debug_frame   0x00003ce0       0x7c /Applications/ArmGNUToolchain/13.2.Rel1/arm-none-eabi/bin/../lib/gcc/arm-none-eabi/13.2.1/../../../../arm-none-eabi/lib/thumb/v7-m/nofp/libm.a(libm_a-ef_pow.o)
 .debug_frame   0x00003d5c       0xb0 /Applications/ArmGNUToolchain/13.2.Rel1/arm-none-eabi/bin/../lib/gcc/arm-none-eabi/13.2.1/../../../../arm-none-eabi/lib/thumb/v7-m/nofp/libm.a(libm_a-math_errf.o)
 .debug_frame   0x00003e0c       0x28 /Applications/ArmGNUToolchain/13.2.Rel1/arm-none-eabi/bin/../lib/gcc/arm-none-eabi/13.2.1/../../../../arm-none-eabi/lib/thumb/v7-m/nofp/libm.a(libm_a-sf_scalbn.o)
 .debug_frame   0x00003e34       0x20 /Applications/ArmGNUToolchain/13.2.Rel1/arm-none-eabi/bin/../lib/gcc/arm-none-eabi/13.2.1/../../../../arm-none-eabi/lib/thumb/v7-m/nofp/libm.a(libm_a-sf_fabs.o)
 .debug_frame   0x00003e54       0x30 /Applications/ArmGNUToolchain/13.2.Rel1/arm-none-eabi/bin/../lib/gcc/arm-none-eabi/13.2.1/../../../../arm-none-eabi/lib/thumb/v7-m/nofp/libm.a(libm_a-ef_sqrt.o)
 .debug_frame   0x00003e84       0x4c /Applications/ArmGNUToolchain/13.2.Rel1/arm-none-eabi/bin/../lib/gcc/arm-none-eabi/13.2.1/thumb/v7-m/nofp/libgcc.a(_arm_addsubsf3.o)
 .debug_frame   0x00003ed0       0x38 /Applications/ArmGNUToolchain/13.2.Rel1/arm-none-eabi/bin/../lib/gcc/arm-none-eabi/13.2.1/thumb/v7-m/nofp/libgcc.a(_arm_muldivsf3.o)
 .debug_frame   0x00003f08       0xc8 /Applications/ArmGNUToolchain/13.2.Rel1/arm-none-eabi/bin/../lib/gcc/arm-none-eabi/13.2.1/thumb/v7-m/nofp/libgcc.a(_arm_cmpsf2.o)
 .debug_frame   0x00003fd0       0x24 /Applications/ArmGNUToolchain/13.2.Rel1/arm-none-eabi/bin/../lib/gcc/arm-none-eabi/13.2.1/thumb/v7-m/nofp/libgcc.a(_arm_unordsf2.o)
 .debug_frame   0x00003ff4       0x24 /Applications/ArmGNUToolchain/13.2.Rel1/arm-none-eabi/bin/../lib/gcc/arm-none-eabi/13.2.1/thumb/v7-m/nofp/libgcc.a(_arm_fixunssfsi.o)
 .debug_frame   0x00004018       0x20 /Applications/ArmGNUToolchain/13.2.Rel1/arm-none-eabi/bin/../lib/gcc/arm-none-eabi/13.2.1/../../../../arm-none-eabi/lib/thumb/v7-m/nofp/libc_nano.a(libc_a-errno.o)

.debug_line_str
                0x00000000      0x1fc
 .debug_line_str
                0x00000000      0x1fc build/debug/startup_stm32f103xb.o
                                 0x39 (size before relaxing)
 .debug_line_str
                0x000001fc       0xf0 /Applications/ArmGNUToolchain/13.2.Rel1/arm-none-eabi/bin/../lib/gcc/arm-none-eabi/13.2.1/../../../../arm-none-eabi/lib/thumb/v7-m/nofp/libc_nano.a(libc_a-strlen.o)
 .debug_line_str
                0x000001fc       0xd3 /Applications/ArmGNUToolchain/13.2.Rel1/arm-none-eabi/bin/../lib/gcc/arm-none-eabi/13.2.1/thumb/v7-m/nofp/libgcc.a(_arm_addsubsf3.o)
 .debug_line_str
                0x000001fc       0xd3 /Applications/ArmGNUToolchain/13.2.Rel1/arm-none-eabi/bin/../lib/gcc/arm-none-eabi/13.2.1/thumb/v7-m/nofp/libgcc.a(_arm_muldivsf3.o)
 .debug_line_str
                0x000001fc       0xd3 /Applications/ArmGNUToolchain/13.2.Rel1/arm-none-eabi/bin/../lib/gcc/arm-none-eabi/13.2.1/thumb/v7-m/nofp/libgcc.a(_arm_cmpsf2.o)
 .debug_line_str
                0x000001fc       0xd3 /Applications/ArmGNUToolchain/13.2.Rel1/arm-none-eabi/bin/../lib/gcc/arm-none-eabi/13.2.1/thumb/v7-m/nofp/libgcc.a(_arm_unordsf2.o)
 .debug_line_str
                0x000001fc       0xd3 /Applications/ArmGNUToolchain/13.2.Rel1/arm-none-eabi/bin/../lib/gcc/arm-none-eabi/13.2.1/thumb/v7-m/nofp/libgcc.a(_arm_fixunssfsi.o)

Cross Reference Table

Symbol                                            File
ADC1_2_IRQHandler                                 build/debug/startup_stm32f103xb.o
AHBPrescTable                                     build/debug/system_stm32f1xx.o
                                                  build/debug/stm32f1xx_hal_rcc.o
APBPrescTable                                     build/debug/system_stm32f1xx.o
                                                  build/debug/stm32f1xx_hal_rcc.o
BusFault_Handler                                  build/debug/stm32f1xx_it.o
CAN1_RX1_IRQHandler                               build/debug/startup_stm32f103xb.o
CAN1_SCE_IRQHandler                               build/debug/startup_stm32f103xb.o
DMA1_Channel1_IRQHandler                          build/debug/startup_stm32f103xb.o
DMA1_Channel2_IRQHandler                          build/debug/startup_stm32f103xb.o
DMA1_Channel3_IRQHandler                          build/debug/startup_stm32f103xb.o
DMA1_Channel4_IRQHandler                          build/debug/startup_stm32f103xb.o
DMA1_Channel5_IRQHandler                          build/debug/startup_stm32f103xb.o
DMA1_Channel6_IRQHandler                          build/debug/startup_stm32f103xb.o
DMA1_Channel7_IRQHandler                          build/debug/startup_stm32f103xb.o
DebugMon_Handler                                  build/debug/stm32f1xx_it.o
Default_Handler                                   build/debug/startup_stm32f103xb.o
EXTI0_IRQHandler                                  build/debug/startup_stm32f103xb.o
EXTI15_10_IRQHandler                              build/debug/startup_stm32f103xb.o
EXTI1_IRQHandler                                  build/debug/startup_stm32f103xb.o
EXTI2_IRQHandler                                  build/debug/startup_stm32f103xb.o
EXTI3_IRQHandler                                  build/debug/startup_stm32f103xb.o
EXTI4_IRQHandler                                  build/debug/startup_stm32f103xb.o
EXTI9_5_IRQHandler                                build/debug/startup_stm32f103xb.o
Error_Handler                                     build/debug/main.o
FLASH_IRQHandler                                  build/debug/startup_stm32f103xb.o
FLASH_PageErase                                   build/debug/stm32f1xx_hal_flash_ex.o
                                                  build/debug/stm32f1xx_hal_flash.o
FLASH_WaitForLastOperation                        build/debug/stm32f1xx_hal_flash.o
                                                  build/debug/stm32f1xx_hal_flash_ex.o
HAL_DBGMCU_DisableDBGSleepMode                    build/debug/stm32f1xx_hal.o
HAL_DBGMCU_DisableDBGStandbyMode                  build/debug/stm32f1xx_hal.o
HAL_DBGMCU_DisableDBGStopMode                     build/debug/stm32f1xx_hal.o
HAL_DBGMCU_EnableDBGSleepMode                     build/debug/stm32f1xx_hal.o
HAL_DBGMCU_EnableDBGStandbyMode                   build/debug/stm32f1xx_hal.o
HAL_DBGMCU_EnableDBGStopMode                      build/debug/stm32f1xx_hal.o
HAL_DMA_Abort                                     build/debug/stm32f1xx_hal_dma.o
                                                  build/debug/stm32f1xx_hal_uart.o
HAL_DMA_Abort_IT                                  build/debug/stm32f1xx_hal_dma.o
                                                  build/debug/stm32f1xx_hal_uart.o
                                                  build/debug/stm32f1xx_hal_tim_ex.o
                                                  build/debug/stm32f1xx_hal_tim.o
                                                  build/debug/stm32f1xx_hal_i2c.o
HAL_DMA_DeInit                                    build/debug/stm32f1xx_hal_dma.o
HAL_DMA_GetError                                  build/debug/stm32f1xx_hal_dma.o
                                                  build/debug/stm32f1xx_hal_uart.o
HAL_DMA_GetState                                  build/debug/stm32f1xx_hal_dma.o
                                                  build/debug/stm32f1xx_hal_i2c.o
HAL_DMA_IRQHandler                                build/debug/stm32f1xx_hal_dma.o
HAL_DMA_Init                                      build/debug/stm32f1xx_hal_dma.o
HAL_DMA_PollForTransfer                           build/debug/stm32f1xx_hal_dma.o
HAL_DMA_RegisterCallback                          build/debug/stm32f1xx_hal_dma.o
HAL_DMA_Start                                     build/debug/stm32f1xx_hal_dma.o
HAL_DMA_Start_IT                                  build/debug/stm32f1xx_hal_dma.o
                                                  build/debug/stm32f1xx_hal_uart.o
                                                  build/debug/stm32f1xx_hal_tim_ex.o
                                                  build/debug/stm32f1xx_hal_tim.o
                                                  build/debug/stm32f1xx_hal_i2c.o
HAL_DMA_UnRegisterCallback                        build/debug/stm32f1xx_hal_dma.o
HAL_DeInit                                        build/debug/stm32f1xx_hal.o
HAL_Delay                                         build/debug/stm32f1xx_hal.o
HAL_EXTI_ClearConfigLine                          build/debug/stm32f1xx_hal_exti.o
HAL_EXTI_ClearPending                             build/debug/stm32f1xx_hal_exti.o
HAL_EXTI_GenerateSWI                              build/debug/stm32f1xx_hal_exti.o
HAL_EXTI_GetConfigLine                            build/debug/stm32f1xx_hal_exti.o
HAL_EXTI_GetHandle                                build/debug/stm32f1xx_hal_exti.o
HAL_EXTI_GetPending                               build/debug/stm32f1xx_hal_exti.o
HAL_EXTI_IRQHandler                               build/debug/stm32f1xx_hal_exti.o
HAL_EXTI_RegisterCallback                         build/debug/stm32f1xx_hal_exti.o
HAL_EXTI_SetConfigLine                            build/debug/stm32f1xx_hal_exti.o
HAL_FLASHEx_Erase                                 build/debug/stm32f1xx_hal_flash_ex.o
HAL_FLASHEx_Erase_IT                              build/debug/stm32f1xx_hal_flash_ex.o
HAL_FLASHEx_OBErase                               build/debug/stm32f1xx_hal_flash_ex.o
HAL_FLASHEx_OBGetConfig                           build/debug/stm32f1xx_hal_flash_ex.o
HAL_FLASHEx_OBGetUserData                         build/debug/stm32f1xx_hal_flash_ex.o
HAL_FLASHEx_OBProgram                             build/debug/stm32f1xx_hal_flash_ex.o
HAL_FLASH_EndOfOperationCallback                  build/debug/stm32f1xx_hal_flash.o
HAL_FLASH_GetError                                build/debug/stm32f1xx_hal_flash.o
HAL_FLASH_IRQHandler                              build/debug/stm32f1xx_hal_flash.o
HAL_FLASH_Lock                                    build/debug/stm32f1xx_hal_flash.o
HAL_FLASH_OB_Launch                               build/debug/stm32f1xx_hal_flash.o
HAL_FLASH_OB_Lock                                 build/debug/stm32f1xx_hal_flash.o
HAL_FLASH_OB_Unlock                               build/debug/stm32f1xx_hal_flash.o
HAL_FLASH_OperationErrorCallback                  build/debug/stm32f1xx_hal_flash.o
HAL_FLASH_Program                                 build/debug/stm32f1xx_hal_flash.o
HAL_FLASH_Program_IT                              build/debug/stm32f1xx_hal_flash.o
HAL_FLASH_Unlock                                  build/debug/stm32f1xx_hal_flash.o
HAL_GPIOEx_ConfigEventout                         build/debug/stm32f1xx_hal_gpio_ex.o
HAL_GPIOEx_DisableEventout                        build/debug/stm32f1xx_hal_gpio_ex.o
HAL_GPIOEx_EnableEventout                         build/debug/stm32f1xx_hal_gpio_ex.o
HAL_GPIO_DeInit                                   build/debug/stm32f1xx_hal_gpio.o
                                                  build/debug/stm32f1xx_hal_msp.o
HAL_GPIO_EXTI_Callback                            build/debug/stm32f1xx_hal_gpio.o
HAL_GPIO_EXTI_IRQHandler                          build/debug/stm32f1xx_hal_gpio.o
HAL_GPIO_Init                                     build/debug/stm32f1xx_hal_gpio.o
                                                  build/debug/stm32f1xx_hal_rcc.o
                                                  build/debug/stm32f1xx_hal_msp.o
HAL_GPIO_LockPin                                  build/debug/stm32f1xx_hal_gpio.o
HAL_GPIO_ReadPin                                  build/debug/stm32f1xx_hal_gpio.o
HAL_GPIO_TogglePin                                build/debug/stm32f1xx_hal_gpio.o
HAL_GPIO_WritePin                                 build/debug/stm32f1xx_hal_gpio.o
HAL_GetDEVID                                      build/debug/stm32f1xx_hal.o
HAL_GetHalVersion                                 build/debug/stm32f1xx_hal.o
HAL_GetREVID                                      build/debug/stm32f1xx_hal.o
HAL_GetTick                                       build/debug/stm32f1xx_hal.o
                                                  build/debug/stm32f1xx_hal_uart.o
                                                  build/debug/stm32f1xx_hal_rcc_ex.o
                                                  build/debug/stm32f1xx_hal_rcc.o
                                                  build/debug/stm32f1xx_hal_i2c.o
                                                  build/debug/stm32f1xx_hal_flash.o
                                                  build/debug/stm32f1xx_hal_dma.o
HAL_GetTickFreq                                   build/debug/stm32f1xx_hal.o
HAL_GetTickPrio                                   build/debug/stm32f1xx_hal.o
HAL_GetUIDw0                                      build/debug/stm32f1xx_hal.o
HAL_GetUIDw1                                      build/debug/stm32f1xx_hal.o
HAL_GetUIDw2                                      build/debug/stm32f1xx_hal.o
HAL_HalfDuplex_EnableReceiver                     build/debug/stm32f1xx_hal_uart.o
HAL_HalfDuplex_EnableTransmitter                  build/debug/stm32f1xx_hal_uart.o
HAL_HalfDuplex_Init                               build/debug/stm32f1xx_hal_uart.o
HAL_I2C_AbortCpltCallback                         build/debug/stm32f1xx_hal_i2c.o
HAL_I2C_AddrCallback                              build/debug/stm32f1xx_hal_i2c.o
HAL_I2C_DeInit                                    build/debug/stm32f1xx_hal_i2c.o
HAL_I2C_DisableListen_IT                          build/debug/stm32f1xx_hal_i2c.o
HAL_I2C_ER_IRQHandler                             build/debug/stm32f1xx_hal_i2c.o
HAL_I2C_EV_IRQHandler                             build/debug/stm32f1xx_hal_i2c.o
HAL_I2C_EnableListen_IT                           build/debug/stm32f1xx_hal_i2c.o
HAL_I2C_ErrorCallback                             build/debug/stm32f1xx_hal_i2c.o
HAL_I2C_GetError                                  build/debug/stm32f1xx_hal_i2c.o
HAL_I2C_GetMode                                   build/debug/stm32f1xx_hal_i2c.o
HAL_I2C_GetState                                  build/debug/stm32f1xx_hal_i2c.o
HAL_I2C_Init                                      build/debug/stm32f1xx_hal_i2c.o
                                                  build/debug/main.o
HAL_I2C_IsDeviceReady                             build/debug/stm32f1xx_hal_i2c.o
HAL_I2C_ListenCpltCallback                        build/debug/stm32f1xx_hal_i2c.o
HAL_I2C_MasterRxCpltCallback                      build/debug/stm32f1xx_hal_i2c.o
HAL_I2C_MasterTxCpltCallback                      build/debug/stm32f1xx_hal_i2c.o
HAL_I2C_Master_Abort_IT                           build/debug/stm32f1xx_hal_i2c.o
HAL_I2C_Master_Receive                            build/debug/stm32f1xx_hal_i2c.o
HAL_I2C_Master_Receive_DMA                        build/debug/stm32f1xx_hal_i2c.o
HAL_I2C_Master_Receive_IT                         build/debug/stm32f1xx_hal_i2c.o
HAL_I2C_Master_Seq_Receive_DMA                    build/debug/stm32f1xx_hal_i2c.o
HAL_I2C_Master_Seq_Receive_IT                     build/debug/stm32f1xx_hal_i2c.o
HAL_I2C_Master_Seq_Transmit_DMA                   build/debug/stm32f1xx_hal_i2c.o
HAL_I2C_Master_Seq_Transmit_IT                    build/debug/stm32f1xx_hal_i2c.o
HAL_I2C_Master_Transmit                           build/debug/stm32f1xx_hal_i2c.o
                                                  build/debug/driver_oled.o
HAL_I2C_Master_Transmit_DMA                       build/debug/stm32f1xx_hal_i2c.o
HAL_I2C_Master_Transmit_IT                        build/debug/stm32f1xx_hal_i2c.o
HAL_I2C_MemRxCpltCallback                         build/debug/stm32f1xx_hal_i2c.o
HAL_I2C_MemTxCpltCallback                         build/debug/stm32f1xx_hal_i2c.o
HAL_I2C_Mem_Read                                  build/debug/stm32f1xx_hal_i2c.o
HAL_I2C_Mem_Read_DMA                              build/debug/stm32f1xx_hal_i2c.o
HAL_I2C_Mem_Read_IT                               build/debug/stm32f1xx_hal_i2c.o
HAL_I2C_Mem_Write                                 build/debug/stm32f1xx_hal_i2c.o
                                                  build/debug/driver_oled.o
HAL_I2C_Mem_Write_DMA                             build/debug/stm32f1xx_hal_i2c.o
HAL_I2C_Mem_Write_IT                              build/debug/stm32f1xx_hal_i2c.o
HAL_I2C_MspDeInit                                 build/debug/stm32f1xx_hal_msp.o
                                                  build/debug/stm32f1xx_hal_i2c.o
HAL_I2C_MspInit                                   build/debug/stm32f1xx_hal_msp.o
                                                  build/debug/stm32f1xx_hal_i2c.o
HAL_I2C_SlaveRxCpltCallback                       build/debug/stm32f1xx_hal_i2c.o
HAL_I2C_SlaveTxCpltCallback                       build/debug/stm32f1xx_hal_i2c.o
HAL_I2C_Slave_Receive                             build/debug/stm32f1xx_hal_i2c.o
HAL_I2C_Slave_Receive_DMA                         build/debug/stm32f1xx_hal_i2c.o
HAL_I2C_Slave_Receive_IT                          build/debug/stm32f1xx_hal_i2c.o
HAL_I2C_Slave_Seq_Receive_DMA                     build/debug/stm32f1xx_hal_i2c.o
HAL_I2C_Slave_Seq_Receive_IT                      build/debug/stm32f1xx_hal_i2c.o
HAL_I2C_Slave_Seq_Transmit_DMA                    build/debug/stm32f1xx_hal_i2c.o
HAL_I2C_Slave_Seq_Transmit_IT                     build/debug/stm32f1xx_hal_i2c.o
HAL_I2C_Slave_Transmit                            build/debug/stm32f1xx_hal_i2c.o
HAL_I2C_Slave_Transmit_DMA                        build/debug/stm32f1xx_hal_i2c.o
HAL_I2C_Slave_Transmit_IT                         build/debug/stm32f1xx_hal_i2c.o
HAL_IncTick                                       build/debug/stm32f1xx_hal.o
                                                  build/debug/main.o
HAL_Init                                          build/debug/stm32f1xx_hal.o
                                                  build/debug/main.o
HAL_InitTick                                      build/debug/stm32f1xx_hal_timebase_tim.o
                                                  build/debug/stm32f1xx_hal.o
                                                  build/debug/stm32f1xx_hal_rcc.o
HAL_LIN_Init                                      build/debug/stm32f1xx_hal_uart.o
HAL_LIN_SendBreak                                 build/debug/stm32f1xx_hal_uart.o
HAL_MspDeInit                                     build/debug/stm32f1xx_hal.o
HAL_MspInit                                       build/debug/stm32f1xx_hal_msp.o
                                                  build/debug/stm32f1xx_hal.o
HAL_MultiProcessor_EnterMuteMode                  build/debug/stm32f1xx_hal_uart.o
HAL_MultiProcessor_ExitMuteMode                   build/debug/stm32f1xx_hal_uart.o
HAL_MultiProcessor_Init                           build/debug/stm32f1xx_hal_uart.o
HAL_NVIC_ClearPendingIRQ                          build/debug/stm32f1xx_hal_cortex.o
HAL_NVIC_DisableIRQ                               build/debug/stm32f1xx_hal_cortex.o
HAL_NVIC_EnableIRQ                                build/debug/stm32f1xx_hal_cortex.o
                                                  build/debug/stm32f1xx_hal_timebase_tim.o
HAL_NVIC_GetActive                                build/debug/stm32f1xx_hal_cortex.o
HAL_NVIC_GetPendingIRQ                            build/debug/stm32f1xx_hal_cortex.o
HAL_NVIC_GetPriority                              build/debug/stm32f1xx_hal_cortex.o
HAL_NVIC_GetPriorityGrouping                      build/debug/stm32f1xx_hal_cortex.o
HAL_NVIC_SetPendingIRQ                            build/debug/stm32f1xx_hal_cortex.o
HAL_NVIC_SetPriority                              build/debug/stm32f1xx_hal_cortex.o
                                                  build/debug/stm32f1xx_hal_timebase_tim.o
                                                  build/debug/stm32f1xx_hal_msp.o
                                                  build/debug/stm32f1xx_hal.o
HAL_NVIC_SetPriorityGrouping                      build/debug/stm32f1xx_hal_cortex.o
                                                  build/debug/stm32f1xx_hal.o
HAL_NVIC_SystemReset                              build/debug/stm32f1xx_hal_cortex.o
                                                  build/debug/stm32f1xx_hal_flash.o
HAL_PWR_ConfigPVD                                 build/debug/stm32f1xx_hal_pwr.o
HAL_PWR_DeInit                                    build/debug/stm32f1xx_hal_pwr.o
HAL_PWR_DisableBkUpAccess                         build/debug/stm32f1xx_hal_pwr.o
HAL_PWR_DisablePVD                                build/debug/stm32f1xx_hal_pwr.o
HAL_PWR_DisableSEVOnPend                          build/debug/stm32f1xx_hal_pwr.o
HAL_PWR_DisableSleepOnExit                        build/debug/stm32f1xx_hal_pwr.o
HAL_PWR_DisableWakeUpPin                          build/debug/stm32f1xx_hal_pwr.o
HAL_PWR_EnableBkUpAccess                          build/debug/stm32f1xx_hal_pwr.o
HAL_PWR_EnablePVD                                 build/debug/stm32f1xx_hal_pwr.o
HAL_PWR_EnableSEVOnPend                           build/debug/stm32f1xx_hal_pwr.o
HAL_PWR_EnableSleepOnExit                         build/debug/stm32f1xx_hal_pwr.o
HAL_PWR_EnableWakeUpPin                           build/debug/stm32f1xx_hal_pwr.o
HAL_PWR_EnterSLEEPMode                            build/debug/stm32f1xx_hal_pwr.o
HAL_PWR_EnterSTANDBYMode                          build/debug/stm32f1xx_hal_pwr.o
HAL_PWR_EnterSTOPMode                             build/debug/stm32f1xx_hal_pwr.o
HAL_PWR_PVDCallback                               build/debug/stm32f1xx_hal_pwr.o
HAL_PWR_PVD_IRQHandler                            build/debug/stm32f1xx_hal_pwr.o
HAL_RCCEx_GetPeriphCLKConfig                      build/debug/stm32f1xx_hal_rcc_ex.o
HAL_RCCEx_GetPeriphCLKFreq                        build/debug/stm32f1xx_hal_rcc_ex.o
HAL_RCCEx_PeriphCLKConfig                         build/debug/stm32f1xx_hal_rcc_ex.o
HAL_RCC_CSSCallback                               build/debug/stm32f1xx_hal_rcc.o
HAL_RCC_ClockConfig                               build/debug/stm32f1xx_hal_rcc.o
                                                  build/debug/main.o
HAL_RCC_DeInit                                    build/debug/stm32f1xx_hal_rcc.o
HAL_RCC_DisableCSS                                build/debug/stm32f1xx_hal_rcc.o
HAL_RCC_EnableCSS                                 build/debug/stm32f1xx_hal_rcc.o
HAL_RCC_GetClockConfig                            build/debug/stm32f1xx_hal_rcc.o
                                                  build/debug/stm32f1xx_hal_timebase_tim.o
HAL_RCC_GetHCLKFreq                               build/debug/stm32f1xx_hal_rcc.o
HAL_RCC_GetOscConfig                              build/debug/stm32f1xx_hal_rcc.o
HAL_RCC_GetPCLK1Freq                              build/debug/stm32f1xx_hal_rcc.o
                                                  build/debug/stm32f1xx_hal_uart.o
                                                  build/debug/stm32f1xx_hal_i2c.o
HAL_RCC_GetPCLK2Freq                              build/debug/stm32f1xx_hal_rcc.o
                                                  build/debug/stm32f1xx_hal_uart.o
                                                  build/debug/stm32f1xx_hal_timebase_tim.o
                                                  build/debug/stm32f1xx_hal_rcc_ex.o